Archive member included because of file (symbol)

C:/Freescale/CW MCU v10.4/MCU/ARM_GCC_Support/ewl/lib/armv6-m\libc.a(exit.o)
                              ./Project_Settings/Startup_Code/__arm_start.o (exit)
C:/Freescale/CW MCU v10.4/MCU/ARM_GCC_Support/ewl/lib/armv6-m\libc.a(memset.o)
                              ./Project_Settings/Startup_Code/__arm_start.o (memset)
C:/Freescale/CW MCU v10.4/MCU/ARM_GCC_Support/ewl/lib/armv6-m\libc.a(printformat_.o)
                              (__pformatter_)
C:/Freescale/CW MCU v10.4/MCU/ARM_GCC_Support/ewl/lib/armv6-m\libc.a(scanformat_.o)
                              (__sformatter)
C:/Freescale/CW MCU v10.4/MCU/ARM_GCC_Support/ewl/lib/armv6-m\libc.a(ctype_aeabi.o)
                              C:/Freescale/CW MCU v10.4/MCU/ARM_GCC_Support/ewl/lib/armv6-m\libc.a(scanformat_.o) (isspace)
C:/Freescale/CW MCU v10.4/MCU/ARM_GCC_Support/ewl/lib/armv6-m\libc.a(__strtoul.o)
                              C:/Freescale/CW MCU v10.4/MCU/ARM_GCC_Support/ewl/lib/armv6-m\libc.a(scanformat_.o) (__strtoul)
C:/Freescale/CW MCU v10.4/MCU/ARM_GCC_Support/ewl/lib/armv6-m\libc.a(__filll_mem.o)
                              C:/Freescale/CW MCU v10.4/MCU/ARM_GCC_Support/ewl/lib/armv6-m\libc.a(memset.o) (__fill_mem)
C:/Freescale/CW MCU v10.4/MCU/ARM_GCC_Support/ewl/lib/armv6-m\libc.a(memchr.o)
                              C:/Freescale/CW MCU v10.4/MCU/ARM_GCC_Support/ewl/lib/armv6-m\libc.a(printformat_.o) (memchr)
C:/Freescale/CW MCU v10.4/MCU/ARM_GCC_Support/ewl/lib/armv6-m\libc.a(memcpy.o)
                              C:/Freescale/CW MCU v10.4/MCU/ARM_GCC_Support/ewl/lib/armv6-m\libc.a(scanformat_.o) (memcpy)
C:/Freescale/CW MCU v10.4/MCU/ARM_GCC_Support/ewl/lib/armv6-m\libc.a(strchr.o)
                              C:/Freescale/CW MCU v10.4/MCU/ARM_GCC_Support/ewl/lib/armv6-m\libc.a(printformat_.o) (strchr)
C:/Freescale/CW MCU v10.4/MCU/ARM_GCC_Support/ewl/lib/armv6-m\libc.a(strlen.o)
                              C:/Freescale/CW MCU v10.4/MCU/ARM_GCC_Support/ewl/lib/armv6-m\libc.a(printformat_.o) (strlen)
c:/freescale/cw mcu v10.4/cross_tools/arm-none-eabi-gcc-4_7_3/bin/../lib/gcc/arm-none-eabi/4.7.3/armv6-m\libgcc.a(_thumb1_case_sqi.o)
                              C:/Freescale/CW MCU v10.4/MCU/ARM_GCC_Support/ewl/lib/armv6-m\libc.a(__strtoul.o) (__gnu_thumb1_case_sqi)
c:/freescale/cw mcu v10.4/cross_tools/arm-none-eabi-gcc-4_7_3/bin/../lib/gcc/arm-none-eabi/4.7.3/armv6-m\libgcc.a(_thumb1_case_uqi.o)
                              C:/Freescale/CW MCU v10.4/MCU/ARM_GCC_Support/ewl/lib/armv6-m\libc.a(scanformat_.o) (__gnu_thumb1_case_uqi)
c:/freescale/cw mcu v10.4/cross_tools/arm-none-eabi-gcc-4_7_3/bin/../lib/gcc/arm-none-eabi/4.7.3/armv6-m\libgcc.a(_udivsi3.o)
                              C:/Freescale/CW MCU v10.4/MCU/ARM_GCC_Support/ewl/lib/armv6-m\libc.a(printformat_.o) (__aeabi_uidiv)
c:/freescale/cw mcu v10.4/cross_tools/arm-none-eabi-gcc-4_7_3/bin/../lib/gcc/arm-none-eabi/4.7.3/armv6-m\libgcc.a(_dvmd_tls.o)
                              c:/freescale/cw mcu v10.4/cross_tools/arm-none-eabi-gcc-4_7_3/bin/../lib/gcc/arm-none-eabi/4.7.3/armv6-m\libgcc.a(_udivsi3.o) (__aeabi_idiv0)
c:/freescale/cw mcu v10.4/cross_tools/arm-none-eabi-gcc-4_7_3/bin/../lib/gcc/arm-none-eabi/4.7.3/armv6-m\libgcc.a(_arm_cmpsf2.o)
                              ./Generated_Code/PwmLdd3.o (__aeabi_fcmpgt)
c:/freescale/cw mcu v10.4/cross_tools/arm-none-eabi-gcc-4_7_3/bin/../lib/gcc/arm-none-eabi/4.7.3/armv6-m\libgcc.a(_fixunssfsi.o)
                              ./Generated_Code/PwmLdd3.o (__aeabi_f2uiz)
c:/freescale/cw mcu v10.4/cross_tools/arm-none-eabi-gcc-4_7_3/bin/../lib/gcc/arm-none-eabi/4.7.3/armv6-m\libgcc.a(divsf3.o)
                              ./Sources/ProcessorExpert.o (__aeabi_fdiv)
c:/freescale/cw mcu v10.4/cross_tools/arm-none-eabi-gcc-4_7_3/bin/../lib/gcc/arm-none-eabi/4.7.3/armv6-m\libgcc.a(eqsf2.o)
                              c:/freescale/cw mcu v10.4/cross_tools/arm-none-eabi-gcc-4_7_3/bin/../lib/gcc/arm-none-eabi/4.7.3/armv6-m\libgcc.a(_arm_cmpsf2.o) (__eqsf2)
c:/freescale/cw mcu v10.4/cross_tools/arm-none-eabi-gcc-4_7_3/bin/../lib/gcc/arm-none-eabi/4.7.3/armv6-m\libgcc.a(gesf2.o)
                              c:/freescale/cw mcu v10.4/cross_tools/arm-none-eabi-gcc-4_7_3/bin/../lib/gcc/arm-none-eabi/4.7.3/armv6-m\libgcc.a(_arm_cmpsf2.o) (__gesf2)
c:/freescale/cw mcu v10.4/cross_tools/arm-none-eabi-gcc-4_7_3/bin/../lib/gcc/arm-none-eabi/4.7.3/armv6-m\libgcc.a(lesf2.o)
                              c:/freescale/cw mcu v10.4/cross_tools/arm-none-eabi-gcc-4_7_3/bin/../lib/gcc/arm-none-eabi/4.7.3/armv6-m\libgcc.a(_arm_cmpsf2.o) (__lesf2)
c:/freescale/cw mcu v10.4/cross_tools/arm-none-eabi-gcc-4_7_3/bin/../lib/gcc/arm-none-eabi/4.7.3/armv6-m\libgcc.a(mulsf3.o)
                              ./Generated_Code/PwmLdd3.o (__aeabi_fmul)
c:/freescale/cw mcu v10.4/cross_tools/arm-none-eabi-gcc-4_7_3/bin/../lib/gcc/arm-none-eabi/4.7.3/armv6-m\libgcc.a(subsf3.o)
[...]
Memory Configuration

Name             Origin             Length             Attributes
m_interrupts     0x00000000         0x000000c0         xr
m_text           0x00000410         0x0001fbf0         xr
m_data           0x1ffff000         0x00004000         rw
m_cfmprotrom     0x00000400         0x00000010         xr
*default*        0x00000000         0xffffffff

Linker script and memory map

LOAD ./Generated_Code/Vectors.o
LOAD ./Generated_Code/TracaoEnable.o
LOAD ./Generated_Code/TracaoB2.o
LOAD ./Generated_Code/TracaoB1PWM.o
LOAD ./Generated_Code/TracaoA2.o
LOAD ./Generated_Code/TracaoA1PWM.o
LOAD ./Generated_Code/TimerIntLdd1.o
LOAD ./Generated_Code/TU4.o
LOAD ./Generated_Code/TU3.o
LOAD ./Generated_Code/TU2.o
LOAD ./Generated_Code/TU1.o
LOAD ./Generated_Code/Servo1.o
LOAD ./Generated_Code/Serial1.o
LOAD ./Generated_Code/SW4.o
LOAD ./Generated_Code/SW3.o
LOAD ./Generated_Code/SW2.o
LOAD ./Generated_Code/SW1.o
LOAD ./Generated_Code/PwmLdd3.o
LOAD ./Generated_Code/PwmLdd2.o
LOAD ./Generated_Code/PwmLdd1.o
LOAD ./Generated_Code/PE_LDD.o
LOAD ./Generated_Code/LED4.o
LOAD ./Generated_Code/LED3.o
LOAD ./Generated_Code/LED2.o
LOAD ./Generated_Code/LED1.o
LOAD ./Generated_Code/Cpu.o
LOAD ./Generated_Code/CameraTimer1.o
LOAD ./Generated_Code/CameraSI1.o
LOAD ./Generated_Code/CameraClock1.o
LOAD ./Generated_Code/BitIoLdd9.o
LOAD ./Generated_Code/BitIoLdd8.o
LOAD ./Generated_Code/BitIoLdd7.o
LOAD ./Generated_Code/BitIoLdd6.o
LOAD ./Generated_Code/BitIoLdd5.o
LOAD ./Generated_Code/BitIoLdd4.o
LOAD ./Generated_Code/BitIoLdd3.o
LOAD ./Generated_Code/BitIoLdd2.o
LOAD ./Generated_Code/BitIoLdd13.o
LOAD ./Generated_Code/BitIoLdd12.o
LOAD ./Generated_Code/BitIoLdd11.o
LOAD ./Generated_Code/BitIoLdd10.o
LOAD ./Generated_Code/BitIoLdd1.o
LOAD ./Generated_Code/Analog1.o
LOAD ./Generated_Code/AdcLdd1.o
LOAD ./Generated_Code/ASerialLdd1.o
LOAD ./Project_Settings/Startup_Code/__arm_start.o
LOAD ./Project_Settings/Startup_Code/__arm_end.o
LOAD ./Sources/sa_mtb.o
LOAD ./Sources/ProcessorExpert.o
LOAD ./Sources/Events.o
                0x00002ac0                __pformatter = __pformatter_
                [0x00002ee8]                __sformatter = __sformatter
START GROUP
LOAD C:/Freescale/CW MCU v10.4/MCU/ARM_GCC_Support/ewl/lib/armv6-m\libc.a
LOAD C:/Freescale/CW MCU v10.4/MCU/ARM_GCC_Support/ewl/lib/armv6-m\libm.a
LOAD c:/freescale/cw mcu v10.4/cross_tools/arm-none-eabi-gcc-4_7_3/bin/../lib/gcc/arm-none-eabi/4.7.3/armv6-m\libgcc.a
LOAD C:/Freescale/CW MCU v10.4/MCU/ARM_GCC_Support/ewl/lib/armv6-m\librt.a
LOAD C:/Freescale/CW MCU v10.4/MCU/ARM_GCC_Support/ewl/lib/armv6-m\libuart.a
END GROUP
                0x20003000                _estack = 0x20003000
                0x20003000                __SP_INIT = _estack
                0x00000000                __heap_size = 0x0
                0x00000400                __stack_size = 0x400

.interrupts     0x00000000       0xc0
                0x00000000                __vector_table = .
                0x00000000                . = ALIGN (0x4)
 *(.vectortable)
 .vectortable   0x00000000       0xc0 ./Generated_Code/Vectors.o
                0x00000000                __vect_table
                0x000000c0                . = ALIGN (0x4)

.cfmprotect     0x00000400       0x10
                0x00000400                . = ALIGN (0x4)
 *(.cfmconfig)
 .cfmconfig     0x00000400       0x10 ./Generated_Code/Cpu.o
                0x00000400                _cfm
                0x00000410                . = ALIGN (0x4)

.text           0x00000410     0x36f8
                0x00000410                . = ALIGN (0x4)
 *(.text)
 .text          0x00000410       0x14 c:/freescale/cw mcu v10.4/cross_tools/arm-none-eabi-gcc-4_7_3/bin/../lib/gcc/arm-none-eabi/4.7.3/armv6-m\libgcc.a(_thumb1_case_sqi.o)
                0x00000410                __gnu_thumb1_case_sqi
 .text          0x00000424       0x14 c:/freescale/cw mcu v10.4/cross_tools/arm-none-eabi-gcc-4_7_3/bin/../lib/gcc/arm-none-eabi/4.7.3/armv6-m\libgcc.a(_thumb1_case_uqi.o)
                0x00000424                __gnu_thumb1_case_uqi
 .text          0x00000438       0x9c c:/freescale/cw mcu v10.4/cross_tools/arm-none-eabi-gcc-4_7_3/bin/../lib/gcc/arm-none-eabi/4.7.3/armv6-m\libgcc.a(_udivsi3.o)
                0x00000438                __aeabi_uidiv
                0x00000438                __udivsi3
                0x000004c0                __aeabi_uidivmod
 .text          0x000004d4        0x4 c:/freescale/cw mcu v10.4/cross_tools/arm-none-eabi-gcc-4_7_3/bin/../lib/gcc/arm-none-eabi/4.7.3/armv6-m\libgcc.a(_dvmd_tls.o)
                0x000004d4                __aeabi_idiv0
                0x000004d4                __aeabi_ldiv0
 .text          0x000004d8       0x74 c:/freescale/cw mcu v10.4/cross_tools/arm-none-eabi-gcc-4_7_3/bin/../lib/gcc/arm-none-eabi/4.7.3/armv6-m\libgcc.a(_arm_cmpsf2.o)
                0x000004d8                __aeabi_cfrcmple
                0x000004e0                __aeabi_cfcmpeq
                0x000004e0                __aeabi_cfcmple
                0x000004f0                __aeabi_fcmpeq
                0x000004fc                __aeabi_fcmplt
                0x00000510                __aeabi_fcmple
                0x00000524                __aeabi_fcmpgt
                0x00000538                __aeabi_fcmpge
 .text          0x0000054c       0x30 c:/freescale/cw mcu v10.4/cross_tools/arm-none-eabi-gcc-4_7_3/bin/../lib/gcc/arm-none-eabi/4.7.3/armv6-m\libgcc.a(_fixunssfsi.o)
                0x0000054c                __fixunssfsi
                0x0000054c                __aeabi_f2uiz
 .text          0x0000057c       0x50 c:/freescale/cw mcu v10.4/cross_tools/arm-none-eabi-gcc-4_7_3/bin/../lib/gcc/arm-none-eabi/4.7.3/armv6-m\libgcc.a(eqsf2.o)
                0x0000057c                __eqsf2
                0x0000057c                __nesf2
 .text          0x000005cc       0x90 c:/freescale/cw mcu v10.4/cross_tools/arm-none-eabi-gcc-4_7_3/bin/../lib/gcc/arm-none-eabi/4.7.3/armv6-m\libgcc.a(gesf2.o)
                0x000005cc                __gesf2
                0x000005cc                __gtsf2
 .text          0x0000065c       0x90 c:/freescale/cw mcu v10.4/cross_tools/arm-none-eabi-gcc-4_7_3/bin/../lib/gcc/arm-none-eabi/4.7.3/armv6-m\libgcc.a(lesf2.o)
                0x0000065c                __ltsf2
                0x0000065c                __lesf2
 .text          0x000006ec      0x260 c:/freescale/cw mcu v10.4/cross_tools/arm-none-eabi-gcc-4_7_3/bin/../lib/gcc/arm-none-eabi/4.7.3/armv6-m\libgcc.a(mulsf3.o)
                0x000006ec                __aeabi_fmul
 .text          0x0000094c      0x3ac c:/freescale/cw mcu v10.4/cross_tools/arm-none-eabi-gcc-4_7_3/bin/../lib/gcc/arm-none-eabi/4.7.3/armv6-m\libgcc.a(subsf3.o)
                0x0000094c                __aeabi_fsub
 .text          0x00000cf8       0x40 c:/freescale/cw mcu v10.4/cross_tools/arm-none-eabi-gcc-4_7_3/bin/../lib/gcc/arm-none-eabi/4.7.3/armv6-m\libgcc.a(fixsfsi.o)
                0x00000cf8                __aeabi_f2iz
 .text          0x00000d38       0xa8 c:/freescale/cw mcu v10.4/cross_tools/arm-none-eabi-gcc-4_7_3/bin/../lib/gcc/arm-none-eabi/4.7.3/armv6-m\libgcc.a(floatsisf.o)
                0x00000d38                __aeabi_i2f
 .text          0x00000de0       0x3c c:/freescale/cw mcu v10.4/cross_tools/arm-none-eabi-gcc-4_7_3/bin/../lib/gcc/arm-none-eabi/4.7.3/armv6-m\libgcc.a(_clzsi2.o)
                0x00000de0                __clzsi2
 *(.text*)
 .text.TimerIntLdd1_Init
                0x00000e1c       0x48 ./Generated_Code/TimerIntLdd1.o
                0x00000e1c                TimerIntLdd1_Init
 .text.TimerIntLdd1_Enable
                0x00000e64       0x30 ./Generated_Code/TimerIntLdd1.o
                0x00000e64                TimerIntLdd1_Enable
 .text.TimerIntLdd1_Disable
                0x00000e94       0x30 ./Generated_Code/TimerIntLdd1.o
                0x00000e94                TimerIntLdd1_Disable
 .text.TU1_OnCounterRestart
                0x00000ec4       0x24 ./Generated_Code/TimerIntLdd1.o
                0x00000ec4                TU1_OnCounterRestart
 .text.TU3_Init
                0x00000ee8       0xcc ./Generated_Code/TU3.o
                0x00000ee8                TU3_Init
 .text.TU3_GetPeriodTicks
                0x00000fb4       0x3c ./Generated_Code/TU3.o
                0x00000fb4                TU3_GetPeriodTicks
 .text.TU3_SetOffsetTicks
                0x00000ff0       0x58 ./Generated_Code/TU3.o
                0x00000ff0                TU3_SetOffsetTicks
 .text.TU2_Init
                0x00001048       0xfc ./Generated_Code/TU2.o
                0x00001048                TU2_Init
 .text.TU2_GetPeriodTicks
                0x00001144       0x3c ./Generated_Code/TU2.o
                0x00001144                TU2_GetPeriodTicks
 .text.TU2_SetOffsetTicks
                0x00001180       0x58 ./Generated_Code/TU2.o
                0x00001180                TU2_SetOffsetTicks
 .text.TU1_Init
                0x000011d8       0x98 ./Generated_Code/TU1.o
                0x000011d8                TU1_Init
 .text.TU1_Enable
                0x00001270       0x24 ./Generated_Code/TU1.o
                0x00001270                TU1_Enable
 .text.TU1_Disable
                0x00001294       0x24 ./Generated_Code/TU1.o
                0x00001294                TU1_Disable
 .text.TU1_Interrupt
                0x000012b8       0x34 ./Generated_Code/TU1.o
                0x000012b8                TU1_Interrupt
 .text.HWEnDi   0x000012ec        0x8 ./Generated_Code/Serial1.o
 .text.Serial1_Init
                0x000012f4       0x28 ./Generated_Code/Serial1.o
                0x000012f4                Serial1_Init
 .text.PwmLdd3_Init
                0x0000131c       0x54 ./Generated_Code/PwmLdd3.o
                0x0000131c                PwmLdd3_Init
 .text.PwmLdd3_SetDutyUS
                0x00001370       0x7c ./Generated_Code/PwmLdd3.o
                0x00001370                PwmLdd3_SetDutyUS
 .text.SetRatio
                0x000013ec       0x70 ./Generated_Code/PwmLdd3.o
 .text.PwmLdd2_Init
                0x0000145c       0x54 ./Generated_Code/PwmLdd2.o
                0x0000145c                PwmLdd2_Init
 .text.PwmLdd2_SetDutyUS
                0x000014b0       0x7c ./Generated_Code/PwmLdd2.o
                0x000014b0                PwmLdd2_SetDutyUS
 .text.SetRatio
                0x0000152c       0x70 ./Generated_Code/PwmLdd2.o
 .text.PwmLdd1_Init
                0x0000159c       0x54 ./Generated_Code/PwmLdd1.o
                0x0000159c                PwmLdd1_Init
 .text.PwmLdd1_SetDutyUS
                0x000015f0       0x7c ./Generated_Code/PwmLdd1.o
                0x000015f0                PwmLdd1_SetDutyUS
 .text.SetRatio
                0x0000166c       0x70 ./Generated_Code/PwmLdd1.o
 .text.Cpu_INT_NMIInterrupt
                0x000016dc        0xc ./Generated_Code/Cpu.o
                0x000016dc                Cpu_INT_NMIInterrupt
 .text.Cpu_Interrupt
                0x000016e8        0xc ./Generated_Code/Cpu.o
                0x000016e8                Cpu_Interrupt
 .text.__init_hardware
                0x000016f4       0xf4 ./Generated_Code/Cpu.o
                0x000016f4                __init_hardware
 .text.PE_low_level_init
                0x000017e8      0x138 ./Generated_Code/Cpu.o
                0x000017e8                PE_low_level_init
 .text.TimerIntLdd1_OnInterrupt
                0x00001920       0x14 ./Generated_Code/CameraTimer1.o
                0x00001920                TimerIntLdd1_OnInterrupt
 .text.BitIoLdd9_Init
                0x00001934       0x54 ./Generated_Code/BitIoLdd9.o
                0x00001934                BitIoLdd9_Init
 .text.BitIoLdd8_Init
                0x00001988       0x68 ./Generated_Code/BitIoLdd8.o
                0x00001988                BitIoLdd8_Init
 .text.BitIoLdd7_Init
                0x000019f0       0x54 ./Generated_Code/BitIoLdd7.o
                0x000019f0                BitIoLdd7_Init
 .text.BitIoLdd6_Init
                0x00001a44       0x68 ./Generated_Code/BitIoLdd6.o
                0x00001a44                BitIoLdd6_Init
 .text.BitIoLdd6_PutVal
                0x00001aac       0x34 ./Generated_Code/BitIoLdd6.o
                0x00001aac                BitIoLdd6_PutVal
 .text.BitIoLdd5_Init
                0x00001ae0       0x60 ./Generated_Code/BitIoLdd5.o
                0x00001ae0                BitIoLdd5_Init
 .text.BitIoLdd5_PutVal
                0x00001b40       0x30 ./Generated_Code/BitIoLdd5.o
                0x00001b40                BitIoLdd5_PutVal
 .text.BitIoLdd4_Init
                0x00001b70       0x68 ./Generated_Code/BitIoLdd4.o
                0x00001b70                BitIoLdd4_Init
 .text.BitIoLdd3_Init
                0x00001bd8       0x60 ./Generated_Code/BitIoLdd3.o
                0x00001bd8                BitIoLdd3_Init
 .text.BitIoLdd3_PutVal
                0x00001c38       0x30 ./Generated_Code/BitIoLdd3.o
                0x00001c38                BitIoLdd3_PutVal
 .text.BitIoLdd2_Init
                0x00001c68       0x60 ./Generated_Code/BitIoLdd2.o
                0x00001c68                BitIoLdd2_Init
 .text.BitIoLdd2_PutVal
                0x00001cc8       0x30 ./Generated_Code/BitIoLdd2.o
                0x00001cc8                BitIoLdd2_PutVal
 .text.BitIoLdd13_Init
                0x00001cf8       0x68 ./Generated_Code/BitIoLdd13.o
                0x00001cf8                BitIoLdd13_Init
 .text.BitIoLdd12_Init
                0x00001d60       0x68 ./Generated_Code/BitIoLdd12.o
                0x00001d60                BitIoLdd12_Init
 .text.BitIoLdd11_Init
                0x00001dc8       0x54 ./Generated_Code/BitIoLdd11.o
                0x00001dc8                BitIoLdd11_Init
 .text.BitIoLdd10_Init
                0x00001e1c       0x54 ./Generated_Code/BitIoLdd10.o
                0x00001e1c                BitIoLdd10_Init
 .text.BitIoLdd1_Init
                0x00001e70       0x60 ./Generated_Code/BitIoLdd1.o
                0x00001e70                BitIoLdd1_Init
 .text.BitIoLdd1_PutVal
                0x00001ed0       0x30 ./Generated_Code/BitIoLdd1.o
                0x00001ed0                BitIoLdd1_PutVal
 .text.Analog1_HWEnDi
                0x00001f00       0x6c ./Generated_Code/Analog1.o
                0x00001f00                Analog1_HWEnDi
 .text.Analog1_Enable
                0x00001f6c       0x28 ./Generated_Code/Analog1.o
                0x00001f6c                Analog1_Enable
 .text.Analog1_Disable
                0x00001f94       0x28 ./Generated_Code/Analog1.o
                0x00001f94                Analog1_Disable
 .text.Analog1_Start
                0x00001fbc       0x38 ./Generated_Code/Analog1.o
                0x00001fbc                Analog1_Start
 .text.Analog1_Stop
                0x00001ff4       0x34 ./Generated_Code/Analog1.o
                0x00001ff4                Analog1_Stop
 .text.Analog1_GetValue8
                0x00002028       0x38 ./Generated_Code/Analog1.o
                0x00002028                Analog1_GetValue8
 .text.AdcLdd1_OnMeasurementComplete
                0x00002060       0x9c ./Generated_Code/Analog1.o
                0x00002060                AdcLdd1_OnMeasurementComplete
 .text.Analog1_Init
                0x000020fc       0x38 ./Generated_Code/Analog1.o
                0x000020fc                Analog1_Init
 .text.AdcLdd1_Init
                0x00002134       0xd0 ./Generated_Code/AdcLdd1.o
                0x00002134                AdcLdd1_Init
 .text.AdcLdd1_Enable
                0x00002204       0x18 ./Generated_Code/AdcLdd1.o
                0x00002204                AdcLdd1_Enable
 .text.AdcLdd1_Disable
                0x0000221c       0x30 ./Generated_Code/AdcLdd1.o
                0x0000221c                AdcLdd1_Disable
 .text.AdcLdd1_StartSingleMeasurement
                0x0000224c       0x50 ./Generated_Code/AdcLdd1.o
                0x0000224c                AdcLdd1_StartSingleMeasurement
 .text.AdcLdd1_CancelMeasurement
                0x0000229c       0x34 ./Generated_Code/AdcLdd1.o
                0x0000229c                AdcLdd1_CancelMeasurement
 .text.AdcLdd1_CreateSampleGroup
                0x000022d0       0x74 ./Generated_Code/AdcLdd1.o
                0x000022d0                AdcLdd1_CreateSampleGroup
 .text.AdcLdd1_GetMeasuredValues
                0x00002344       0x6c ./Generated_Code/AdcLdd1.o
                0x00002344                AdcLdd1_GetMeasuredValues
 .text.AdcLdd1_GetCalibrationResultStatus
                0x000023b0       0xb8 ./Generated_Code/AdcLdd1.o
                0x000023b0                AdcLdd1_GetCalibrationResultStatus
 .text.AdcLdd1_MeasurementCompleteInterrupt
                0x00002468       0x30 ./Generated_Code/AdcLdd1.o
                0x00002468                AdcLdd1_MeasurementCompleteInterrupt
 .text.ASerialLdd1_Init
                0x00002498      0x124 ./Generated_Code/ASerialLdd1.o
                0x00002498                ASerialLdd1_Init
 .text.zero_fill_bss
                0x000025bc       0x24 ./Project_Settings/Startup_Code/__arm_start.o
 .text.__thumb_startup
                0x000025e0       0x30 ./Project_Settings/Startup_Code/__arm_start.o
                0x000025e0                __thumb_startup
 .text._ExitProcess
                0x00002610        0xc ./Project_Settings/Startup_Code/__arm_end.o
                0x00002610                _ExitProcess
 .text.setServo
                0x0000261c       0x58 ./Sources/ProcessorExpert.o
                0x0000261c                setServo
 .text.setTracao
                0x00002674       0x84 ./Sources/ProcessorExpert.o
                0x00002674                setTracao
 .text.main     0x000026f8       0xb0 ./Sources/ProcessorExpert.o
                0x000026f8                main
 .text.Cpu_OnNMIINT
                0x000027a8        0x8 ./Sources/Events.o
                0x000027a8                Cpu_OnNMIINT
 .text.Analog1_OnEnd
                0x000027b0       0x6c ./Sources/Events.o
                0x000027b0                Analog1_OnEnd
 .text.Analog1_OnCalibrationEnd
                0x0000281c        0x8 ./Sources/Events.o
                0x0000281c                Analog1_OnCalibrationEnd
 .text.CameraTimer1_OnInterrupt
                0x00002824       0xbc ./Sources/Events.o
                0x00002824                CameraTimer1_OnInterrupt
 .text.exit     0x000028e0       0x38 C:/Freescale/CW MCU v10.4/MCU/ARM_GCC_Support/ewl/lib/armv6-m\libc.a(exit.o)
                0x000028e0                exit
 .text.memset   0x00002918        0xc C:/Freescale/CW MCU v10.4/MCU/ARM_GCC_Support/ewl/lib/armv6-m\libc.a(memset.o)
                0x00002918                memset
 .text.long2str.isra.0
                0x00002924      0x19c C:/Freescale/CW MCU v10.4/MCU/ARM_GCC_Support/ewl/lib/armv6-m\libc.a(printformat_.o)
 .text.__pformatter_
                0x00002ac0      0x428 C:/Freescale/CW MCU v10.4/MCU/ARM_GCC_Support/ewl/lib/armv6-m\libc.a(printformat_.o)
                0x00002ac0                __pformatter_
 .text.__sformatter
                0x00002ee8      0x698 C:/Freescale/CW MCU v10.4/MCU/ARM_GCC_Support/ewl/lib/armv6-m\libc.a(scanformat_.o)
                0x00002ee8                __sformatter
 .text.isalpha  0x00003580       0x20 C:/Freescale/CW MCU v10.4/MCU/ARM_GCC_Support/ewl/lib/armv6-m\libc.a(ctype_aeabi.o)
                0x00003580                isalpha
 .text.isspace  0x000035a0       0x20 C:/Freescale/CW MCU v10.4/MCU/ARM_GCC_Support/ewl/lib/armv6-m\libc.a(ctype_aeabi.o)
                0x000035a0                isspace
 .text.toupper  0x000035c0        0xe C:/Freescale/CW MCU v10.4/MCU/ARM_GCC_Support/ewl/lib/armv6-m\libc.a(ctype_aeabi.o)
                0x000035c0                toupper
 .text.__strtoul
                0x000035ce      0x1ce C:/Freescale/CW MCU v10.4/MCU/ARM_GCC_Support/ewl/lib/armv6-m\libc.a(__strtoul.o)
                0x000035ce                __strtoul
 .text.__fill_mem
                0x0000379c       0x7e C:/Freescale/CW MCU v10.4/MCU/ARM_GCC_Support/ewl/lib/armv6-m\libc.a(__filll_mem.o)
                0x0000379c                __fill_mem
 .text.memchr   0x0000381a       0x1a C:/Freescale/CW MCU v10.4/MCU/ARM_GCC_Support/ewl/lib/armv6-m\libc.a(memchr.o)
                0x0000381a                memchr
 .text.memcpy   0x00003834       0x12 C:/Freescale/CW MCU v10.4/MCU/ARM_GCC_Support/ewl/lib/armv6-m\libc.a(memcpy.o)
                0x00003834                memcpy
 .text.strchr   0x00003846       0x1e C:/Freescale/CW MCU v10.4/MCU/ARM_GCC_Support/ewl/lib/armv6-m\libc.a(strchr.o)
                0x00003846                strchr
 .text.strlen   0x00003864       0x10 C:/Freescale/CW MCU v10.4/MCU/ARM_GCC_Support/ewl/lib/armv6-m\libc.a(strlen.o)
                0x00003864                strlen
 .text.__init_cpp
                0x00003874       0x48 C:/Freescale/CW MCU v10.4/MCU/ARM_GCC_Support/ewl/lib/armv6-m\librt.a(gcc_ctor_dtor.o)
                0x00003874                __init_cpp
 .text.__fini_cpp
                0x000038bc       0x34 C:/Freescale/CW MCU v10.4/MCU/ARM_GCC_Support/ewl/lib/armv6-m\librt.a(gcc_ctor_dtor.o)
                0x000038bc                __fini_cpp
 .text.__copy_rom_section
                0x000038f0       0x48 C:/Freescale/CW MCU v10.4/MCU/ARM_GCC_Support/ewl/lib/armv6-m\librt.a(ROMCopy.o)
                0x000038f0                __copy_rom_section
 .text.__copy_rom_sections_to_ram
                0x00003938       0x34 C:/Freescale/CW MCU v10.4/MCU/ARM_GCC_Support/ewl/lib/armv6-m\librt.a(ROMCopy.o)
                0x00003938                __copy_rom_sections_to_ram
 .text.__destroy_global_chain
                0x0000396c       0x1c C:/Freescale/CW MCU v10.4/MCU/ARM_GCC_Support/ewl/lib/armv6-m\librt.a(__arm_eabi_init.o)
                0x0000396c                __destroy_global_chain
 .text.__init_registers
                0x00003988       0x1c C:/Freescale/CW MCU v10.4/MCU/ARM_GCC_Support/ewl/lib/armv6-m\librt.a(__arm_eabi_init.o)
                0x00003988                __init_registers
 .text.__init_user
                0x000039a4        0x4 C:/Freescale/CW MCU v10.4/MCU/ARM_GCC_Support/ewl/lib/armv6-m\librt.a(__arm_eabi_init.o)
                0x000039a4                __init_user
 *(.rodata)
 .rodata        0x000039a8       0x40 c:/freescale/cw mcu v10.4/cross_tools/arm-none-eabi-gcc-4_7_3/bin/../lib/gcc/arm-none-eabi/4.7.3/armv6-m\libgcc.a(mulsf3.o)
 *(.rodata*)
 .rodata.ChannelDevice
                0x000039e8        0x4 ./Generated_Code/TU3.o
 .rodata.ChannelMode
                0x000039ec        0x4 ./Generated_Code/TU3.o
 .rodata.ChannelDevice
                0x000039f0        0x4 ./Generated_Code/TU2.o
 .rodata.ChannelMode
                0x000039f4        0x4 ./Generated_Code/TU2.o
 .rodata.ChannelToPin
                0x000039f8        0x4 ./Generated_Code/AdcLdd1.o
 .rodata.str1.1
                0x000039fc        0x1 C:/Freescale/CW MCU v10.4/MCU/ARM_GCC_Support/ewl/lib/armv6-m\libc.a(printformat_.o)
 .rodata.CSWTCH.20
                0x000039fd        0x5 C:/Freescale/CW MCU v10.4/MCU/ARM_GCC_Support/ewl/lib/armv6-m\libc.a(printformat_.o)
 .rodata.CSWTCH.21
                0x00003a02        0x5 C:/Freescale/CW MCU v10.4/MCU/ARM_GCC_Support/ewl/lib/armv6-m\libc.a(printformat_.o)
 .rodata.__aeabi_ctype_table_C
                0x00003a07      0x101 C:/Freescale/CW MCU v10.4/MCU/ARM_GCC_Support/ewl/lib/armv6-m\libc.a(ctype_aeabi.o)
                0x00003a07                __aeabi_ctype_table_C
 *(.glue_7)
 .glue_7        0x00000000        0x0 linker stubs
 *(.glue_7t)
 .glue_7t       0x00000000        0x0 linker stubs
 *(.eh_frame)
 *(.init)
 *(.fini)
                0x00003b08                . = ALIGN (0x4)
                0x00003b08                _etext = .

.vfp11_veneer   0x00003b08        0x0
 .vfp11_veneer  0x00000000        0x0 linker stubs

.v4_bx          0x00003b08        0x0
 .v4_bx         0x00000000        0x0 linker stubs

.iplt           0x00003b08        0x0
 .iplt          0x00000000        0x0 ./Generated_Code/Vectors.o

.rel.dyn        0x00003b08        0x0
 .rel.iplt      0x00000000        0x0 ./Generated_Code/Vectors.o

.ARM.extab
 *(.ARM.extab* .gnu.linkonce.armextab.*)

.ARM            0x00003b08        0x0
                0x00003b08                __exidx_start = .
 *(.ARM.exidx*)
                0x00003b08                __exidx_end = .

.ctors          0x00003b08        0x0
                0x00003b08                __CTOR_LIST__ = .
 *crtbegin.o(.ctors)
 *(EXCLUDE_FILE(*crtend.o) .ctors)
 *(SORT(.ctors.*))
 *(.ctors)
                0x00003b08                __CTOR_END__ = .

.dtors          0x00003b08        0x0
                0x00003b08                __DTOR_LIST__ = .
 *crtbegin.o(.dtors)
 *(EXCLUDE_FILE(*crtend.o) .dtors)
 *(SORT(.dtors.*))
 *(.dtors)
                0x00003b08                __DTOR_END__ = .

.preinit_array  0x00003b08        0x0
                0x00003b08                PROVIDE (__preinit_array_start, .)
 *(.preinit_array*)
                0x00003b08                PROVIDE (__preinit_array_end, .)

.init_array     0x00003b08        0x0
                0x00003b08                PROVIDE (__init_array_start, .)
 *(SORT(.init_array.*))
 *(.init_array*)
                0x00003b08                PROVIDE (__init_array_end, .)

.fini_array     0x00003b08        0x0
                0x00003b08                PROVIDE (__fini_array_start, .)
 *(SORT(.fini_array.*))
 *(.fini_array*)
                0x00003b08                PROVIDE (__fini_array_end, .)
                0x00003b08                ___ROM_AT = .

.mtb            0x1ffff000        0x0
                0x1ffff000                . = ALIGN (0x8)
                0x1ffff000                _mtb_start = .
 *(.mtb_buf)
                0x1ffff000                . = ALIGN (0x8)
                0x1ffff000                _mtb_end = .

.data           0x1ffff000        0x4 load address 0x00003b08
                0x1ffff000                . = ALIGN (0x4)
                0x1ffff000                _sdata = .
 *(.data)
 *(.data*)
 .data.menorAmostra
                0x1ffff000        0x1 ./Sources/ProcessorExpert.o
                0x1ffff000                menorAmostra
                0x1ffff004                . = ALIGN (0x4)
 *fill*         0x1ffff001        0x3 00
                0x1ffff004                _edata = .
                0x00000004                ___data_size = (_edata - _sdata)

.igot.plt       0x1ffff004        0x0 load address 0x00003b0c
 .igot.plt      0x00000000        0x0 ./Generated_Code/Vectors.o
                0x1ffff004                . = ALIGN (0x4)

.bss            0x1ffff004      0x2a8 load address 0x00003b0c
                0x1ffff004                __START_BSS = .
                0x1ffff004                __bss_start__ = __START_BSS
 *(.bss)
 *(.bss*)
 .bss.DeviceDataPrv__DEFAULT_RTOS_ALLOC
                0x1ffff004        0xc ./Generated_Code/TimerIntLdd1.o
 .bss.DeviceDataPrv__DEFAULT_RTOS_ALLOC
                0x1ffff010        0xc ./Generated_Code/TU3.o
 .bss.DeviceDataPrv__DEFAULT_RTOS_ALLOC
                0x1ffff01c        0x8 ./Generated_Code/TU2.o
 .bss.DeviceDataPrv__DEFAULT_RTOS_ALLOC
                0x1ffff024        0x8 ./Generated_Code/TU1.o
 .bss.INT_SysTick__DEFAULT_RTOS_ISRPARAM
                0x1ffff02c        0x4 ./Generated_Code/TU1.o
 .bss.SerFlag   0x1ffff030        0x2 ./Generated_Code/Serial1.o
 *fill*         0x1ffff032        0x2 00
 .bss.DeviceDataPrv__DEFAULT_RTOS_ALLOC
                0x1ffff034        0xc ./Generated_Code/PwmLdd3.o
 .bss.DeviceDataPrv__DEFAULT_RTOS_ALLOC
                0x1ffff040        0xc ./Generated_Code/PwmLdd2.o
 .bss.DeviceDataPrv__DEFAULT_RTOS_ALLOC
                0x1ffff04c        0xc ./Generated_Code/PwmLdd1.o
 .bss.PE_LDD_DeviceDataList
                0x1ffff058       0x5c ./Generated_Code/PE_LDD.o
                0x1ffff058                PE_LDD_DeviceDataList
 .bss.DeviceDataPrv__DEFAULT_RTOS_ALLOC
                0x1ffff0b4        0x4 ./Generated_Code/BitIoLdd9.o
 .bss.DeviceDataPrv__DEFAULT_RTOS_ALLOC
                0x1ffff0b8        0x4 ./Generated_Code/BitIoLdd8.o
 .bss.DeviceDataPrv__DEFAULT_RTOS_ALLOC
                0x1ffff0bc        0x4 ./Generated_Code/BitIoLdd7.o
 .bss.DeviceDataPrv__DEFAULT_RTOS_ALLOC
                0x1ffff0c0        0x4 ./Generated_Code/BitIoLdd6.o
 .bss.DeviceDataPrv__DEFAULT_RTOS_ALLOC
                0x1ffff0c4        0x4 ./Generated_Code/BitIoLdd5.o
 .bss.DeviceDataPrv__DEFAULT_RTOS_ALLOC
                0x1ffff0c8        0x4 ./Generated_Code/BitIoLdd4.o
 .bss.DeviceDataPrv__DEFAULT_RTOS_ALLOC
                0x1ffff0cc        0x4 ./Generated_Code/BitIoLdd3.o
 .bss.DeviceDataPrv__DEFAULT_RTOS_ALLOC
                0x1ffff0d0        0x4 ./Generated_Code/BitIoLdd2.o
 .bss.DeviceDataPrv__DEFAULT_RTOS_ALLOC
                0x1ffff0d4        0x4 ./Generated_Code/BitIoLdd13.o
 .bss.DeviceDataPrv__DEFAULT_RTOS_ALLOC
                0x1ffff0d8        0x4 ./Generated_Code/BitIoLdd12.o
 .bss.DeviceDataPrv__DEFAULT_RTOS_ALLOC
                0x1ffff0dc        0x4 ./Generated_Code/BitIoLdd11.o
 .bss.DeviceDataPrv__DEFAULT_RTOS_ALLOC
                0x1ffff0e0        0x4 ./Generated_Code/BitIoLdd10.o
 .bss.DeviceDataPrv__DEFAULT_RTOS_ALLOC
                0x1ffff0e4        0x4 ./Generated_Code/BitIoLdd1.o
 .bss.EnUser    0x1ffff0e8        0x1 ./Generated_Code/Analog1.o
 .bss.ModeFlg   0x1ffff0e9        0x1 ./Generated_Code/Analog1.o
 *fill*         0x1ffff0ea        0x2 00
 .bss.SampleGroup
                0x1ffff0ec        0x4 ./Generated_Code/Analog1.o
 .bss.OutFlg    0x1ffff0f0        0x1 ./Generated_Code/Analog1.o
 *fill*         0x1ffff0f1        0x3 00
 .bss.DeviceDataPrv__DEFAULT_RTOS_ALLOC
                0x1ffff0f4        0x8 ./Generated_Code/AdcLdd1.o
 .bss.INT_ADC0__DEFAULT_RTOS_ISRPARAM
                0x1ffff0fc        0x4 ./Generated_Code/AdcLdd1.o
 .bss.DeviceDataPrv__DEFAULT_RTOS_ALLOC
                0x1ffff100       0x18 ./Generated_Code/ASerialLdd1.o
 .bss.argv      0x1ffff118        0x4 ./Project_Settings/Startup_Code/__arm_start.o
 .bss.cameraClock
                0x1ffff11c        0x1 ./Sources/ProcessorExpert.o
                0x1ffff11c                cameraClock
 .bss.cameraCont
                0x1ffff11d        0x1 ./Sources/ProcessorExpert.o
                0x1ffff11d                cameraCont
 .bss.cameraFinished
                0x1ffff11e        0x1 ./Sources/ProcessorExpert.o
                0x1ffff11e                cameraFinished
 .bss.maiorAmostra
                0x1ffff11f        0x1 ./Sources/ProcessorExpert.o
                0x1ffff11f                maiorAmostra
 .bss.__stdio_exit
                0x1ffff120        0x4 C:/Freescale/CW MCU v10.4/MCU/ARM_GCC_Support/ewl/lib/armv6-m\libc.a(exit.o)
                0x1ffff120                __stdio_exit
 .bss.__console_exit
                0x1ffff124        0x4 C:/Freescale/CW MCU v10.4/MCU/ARM_GCC_Support/ewl/lib/armv6-m\libc.a(exit.o)
                0x1ffff124                __console_exit
 .bss.__S_romp  0x1ffff128        0xc C:/Freescale/CW MCU v10.4/MCU/ARM_GCC_Support/ewl/lib/armv6-m\librt.a(ROMCopy.o)
 .bss.__global_destructor_chain
                0x1ffff134        0x4 C:/Freescale/CW MCU v10.4/MCU/ARM_GCC_Support/ewl/lib/armv6-m\librt.a(__arm_eabi_init.o)
                0x1ffff134                __global_destructor_chain
 *(COMMON)
 COMMON         0x1ffff138        0x4 ./Generated_Code/Serial1.o
                0x1ffff138                ASerialLdd1_DeviceDataPtr
 COMMON         0x1ffff13c        0x8 ./Generated_Code/Analog1.o
                0x1ffff13c                Analog1_OutV
                0x1ffff140                AdcLdd1_DeviceDataPtr
 COMMON         0x1ffff144      0x164 ./Sources/ProcessorExpert.o
                0x1ffff144                linha
                0x1ffff1a8                linhaBruta
 COMMON         0x1ffff2a8        0x1 ./Sources/Events.o
                0x1ffff2a8                amostra
                0x1ffff2ac                . = ALIGN (0x4)
 *fill*         0x1ffff2a9        0x3 00
                0x1ffff2ac                __END_BSS = .
                0x1ffff2ac                __bss_end__ = __END_BSS

._user_heap_stack
                0x1ffff2ac      0x400 load address 0x00003db4
                0x1ffff2ac                . = ALIGN (0x4)
                0x1ffff2ac                PROVIDE (end, .)
                0x1ffff2ac                PROVIDE (_end, .)
                0x1ffff2ac                __heap_addr = .
                0x1ffff2ac                . = (. + __heap_size)
                0x1ffff6ac                . = (. + __stack_size)
 *fill*         0x1ffff2ac      0x400 00
                0x1ffff6ac                . = ALIGN (0x4)
                0x00003b0c                _romp_at = (___ROM_AT + SIZEOF (.data))

.romp           0x1ffff6ac       0x18 load address 0x00003b0c
                0x00003b0c                __S_romp = _romp_at
                0x1ffff6ac        0x4 LONG 0x3b08 ___ROM_AT
                0x1ffff6b0        0x4 LONG 0x1ffff000 _sdata
                0x1ffff6b4        0x4 LONG 0x4 ___data_size
                0x1ffff6b8        0x4 LONG 0x0
                0x1ffff6bc        0x4 LONG 0x0
                0x1ffff6c0        0x4 LONG 0x0

.ARM.attributes
                0x00000000       0x31
 *(.ARM.attributes)
 .ARM.attributes
                0x00000000       0x31 ./Generated_Code/Vectors.o
 .ARM.attributes
                0x00000031       0x31 ./Generated_Code/TimerIntLdd1.o
 .ARM.attributes
                0x00000062       0x31 ./Generated_Code/TU3.o
 .ARM.attributes
                0x00000093       0x31 ./Generated_Code/TU2.o
 .ARM.attributes
                0x000000c4       0x31 ./Generated_Code/TU1.o
 .ARM.attributes
                0x000000f5       0x31 ./Generated_Code/Serial1.o
 .ARM.attributes
                0x00000126       0x31 ./Generated_Code/PwmLdd3.o
 .ARM.attributes
                0x00000157       0x31 ./Generated_Code/PwmLdd2.o
 .ARM.attributes
                0x00000188       0x31 ./Generated_Code/PwmLdd1.o
 .ARM.attributes
                0x000001b9       0x31 ./Generated_Code/PE_LDD.o
 .ARM.attributes
                0x000001ea       0x31 ./Generated_Code/Cpu.o
 .ARM.attributes
                0x0000021b       0x31 ./Generated_Code/CameraTimer1.o
 .ARM.attributes
                0x0000024c       0x31 ./Generated_Code/BitIoLdd9.o
 .ARM.attributes
                0x0000027d       0x31 ./Generated_Code/BitIoLdd8.o
 .ARM.attributes
                0x000002ae       0x31 ./Generated_Code/BitIoLdd7.o
 .ARM.attributes
                0x000002df       0x31 ./Generated_Code/BitIoLdd6.o
 .ARM.attributes
                0x00000310       0x31 ./Generated_Code/BitIoLdd5.o
 .ARM.attributes
                0x00000341       0x31 ./Generated_Code/BitIoLdd4.o
 .ARM.attributes
                0x00000372       0x31 ./Generated_Code/BitIoLdd3.o
 .ARM.attributes
                0x000003a3       0x31 ./Generated_Code/BitIoLdd2.o
 .ARM.attributes
                0x000003d4       0x31 ./Generated_Code/BitIoLdd13.o
 .ARM.attributes
                0x00000405       0x31 ./Generated_Code/BitIoLdd12.o
 .ARM.attributes
                0x00000436       0x31 ./Generated_Code/BitIoLdd11.o
 .ARM.attributes
                0x00000467       0x31 ./Generated_Code/BitIoLdd10.o
 .ARM.attributes
                0x00000498       0x31 ./Generated_Code/BitIoLdd1.o
 .ARM.attributes
                0x000004c9       0x31 ./Generated_Code/Analog1.o
 .ARM.attributes
                0x000004fa       0x31 ./Generated_Code/AdcLdd1.o
 .ARM.attributes
                0x0000052b       0x31 ./Generated_Code/ASerialLdd1.o
 .ARM.attributes
                0x0000055c       0x31 ./Project_Settings/Startup_Code/__arm_start.o
 .ARM.attributes
                0x0000058d       0x31 ./Project_Settings/Startup_Code/__arm_end.o
 .ARM.attributes
                0x000005be       0x31 ./Sources/ProcessorExpert.o
 .ARM.attributes
                0x000005ef       0x31 ./Sources/Events.o
 .ARM.attributes
                0x00000620       0x31 C:/Freescale/CW MCU v10.4/MCU/ARM_GCC_Support/ewl/lib/armv6-m\libc.a(exit.o)
 .ARM.attributes
                0x00000651       0x31 C:/Freescale/CW MCU v10.4/MCU/ARM_GCC_Support/ewl/lib/armv6-m\libc.a(memset.o)
 .ARM.attributes
                0x00000682       0x31 C:/Freescale/CW MCU v10.4/MCU/ARM_GCC_Support/ewl/lib/armv6-m\libc.a(printformat_.o)
 .ARM.attributes
                0x000006b3       0x31 C:/Freescale/CW MCU v10.4/MCU/ARM_GCC_Support/ewl/lib/armv6-m\libc.a(scanformat_.o)
 .ARM.attributes
                0x000006e4       0x31 C:/Freescale/CW MCU v10.4/MCU/ARM_GCC_Support/ewl/lib/armv6-m\libc.a(ctype_aeabi.o)
 .ARM.attributes
                0x00000715       0x31 C:/Freescale/CW MCU v10.4/MCU/ARM_GCC_Support/ewl/lib/armv6-m\libc.a(__strtoul.o)
 .ARM.attributes
                0x00000746       0x31 C:/Freescale/CW MCU v10.4/MCU/ARM_GCC_Support/ewl/lib/armv6-m\libc.a(__filll_mem.o)
 .ARM.attributes
                0x00000777       0x31 C:/Freescale/CW MCU v10.4/MCU/ARM_GCC_Support/ewl/lib/armv6-m\libc.a(memchr.o)
 .ARM.attributes
                0x000007a8       0x31 C:/Freescale/CW MCU v10.4/MCU/ARM_GCC_Support/ewl/lib/armv6-m\libc.a(memcpy.o)
 .ARM.attributes
                0x000007d9       0x31 C:/Freescale/CW MCU v10.4/MCU/ARM_GCC_Support/ewl/lib/armv6-m\libc.a(strchr.o)
 .ARM.attributes
                0x0000080a       0x31 C:/Freescale/CW MCU v10.4/MCU/ARM_GCC_Support/ewl/lib/armv6-m\libc.a(strlen.o)
 .ARM.attributes
                0x0000083b       0x1e c:/freescale/cw mcu v10.4/cross_tools/arm-none-eabi-gcc-4_7_3/bin/../lib/gcc/arm-none-eabi/4.7.3/armv6-m\libgcc.a(_thumb1_case_sqi.o)
 .ARM.attributes
                0x00000859       0x1e c:/freescale/cw mcu v10.4/cross_tools/arm-none-eabi-gcc-4_7_3/bin/../lib/gcc/arm-none-eabi/4.7.3/armv6-m\libgcc.a(_thumb1_case_uqi.o)
 .ARM.attributes
                0x00000877       0x1e c:/freescale/cw mcu v10.4/cross_tools/arm-none-eabi-gcc-4_7_3/bin/../lib/gcc/arm-none-eabi/4.7.3/armv6-m\libgcc.a(_udivsi3.o)
 .ARM.attributes
                0x00000895       0x1e c:/freescale/cw mcu v10.4/cross_tools/arm-none-eabi-gcc-4_7_3/bin/../lib/gcc/arm-none-eabi/4.7.3/armv6-m\libgcc.a(_dvmd_tls.o)
 .ARM.attributes
                0x000008b3       0x1e c:/freescale/cw mcu v10.4/cross_tools/arm-none-eabi-gcc-4_7_3/bin/../lib/gcc/arm-none-eabi/4.7.3/armv6-m\libgcc.a(_arm_cmpsf2.o)
 .ARM.attributes
                0x000008d1       0x2c c:/freescale/cw mcu v10.4/cross_tools/arm-none-eabi-gcc-4_7_3/bin/../lib/gcc/arm-none-eabi/4.7.3/armv6-m\libgcc.a(_fixunssfsi.o)
 .ARM.attributes
                0x000008fd       0x2c c:/freescale/cw mcu v10.4/cross_tools/arm-none-eabi-gcc-4_7_3/bin/../lib/gcc/arm-none-eabi/4.7.3/armv6-m\libgcc.a(eqsf2.o)
 .ARM.attributes
                0x00000929       0x2c c:/freescale/cw mcu v10.4/cross_tools/arm-none-eabi-gcc-4_7_3/bin/../lib/gcc/arm-none-eabi/4.7.3/armv6-m\libgcc.a(gesf2.o)
 .ARM.attributes
                0x00000955       0x2c c:/freescale/cw mcu v10.4/cross_tools/arm-none-eabi-gcc-4_7_3/bin/../lib/gcc/arm-none-eabi/4.7.3/armv6-m\libgcc.a(lesf2.o)
 .ARM.attributes
                0x00000981       0x2c c:/freescale/cw mcu v10.4/cross_tools/arm-none-eabi-gcc-4_7_3/bin/../lib/gcc/arm-none-eabi/4.7.3/armv6-m\libgcc.a(mulsf3.o)
 .ARM.attributes
                0x000009ad       0x2c c:/freescale/cw mcu v10.4/cross_tools/arm-none-eabi-gcc-4_7_3/bin/../lib/gcc/arm-none-eabi/4.7.3/armv6-m\libgcc.a(subsf3.o)
 .ARM.attributes
                0x000009d9       0x2c c:/freescale/cw mcu v10.4/cross_tools/arm-none-eabi-gcc-4_7_3/bin/../lib/gcc/arm-none-eabi/4.7.3/armv6-m\libgcc.a(fixsfsi.o)
 .ARM.attributes
                0x00000a05       0x2c c:/freescale/cw mcu v10.4/cross_tools/arm-none-eabi-gcc-4_7_3/bin/../lib/gcc/arm-none-eabi/4.7.3/armv6-m\libgcc.a(floatsisf.o)
 .ARM.attributes
                0x00000a31       0x1e c:/freescale/cw mcu v10.4/cross_tools/arm-none-eabi-gcc-4_7_3/bin/../lib/gcc/arm-none-eabi/4.7.3/armv6-m\libgcc.a(_clzsi2.o)
 .ARM.attributes
                0x00000a4f       0x31 C:/Freescale/CW MCU v10.4/MCU/ARM_GCC_Support/ewl/lib/armv6-m\librt.a(gcc_ctor_dtor.o)
 .ARM.attributes
                0x00000a80       0x31 C:/Freescale/CW MCU v10.4/MCU/ARM_GCC_Support/ewl/lib/armv6-m\librt.a(ROMCopy.o)
 .ARM.attributes
                0x00000ab1       0x31 C:/Freescale/CW MCU v10.4/MCU/ARM_GCC_Support/ewl/lib/armv6-m\librt.a(__arm_eabi_init.o)
OUTPUT(CedronicsLineFollower.elf elf32-littlearm)

.debug_info     0x00000000     0x8d3b
 .debug_info    0x00000000      0x104 ./Generated_Code/Vectors.o
 .debug_info    0x00000104      0x202 ./Generated_Code/TimerIntLdd1.o
 .debug_info    0x00000306      0x78c ./Generated_Code/TU3.o
 .debug_info    0x00000a92      0x6e6 ./Generated_Code/TU2.o
 .debug_info    0x00001178      0x396 ./Generated_Code/TU1.o
 .debug_info    0x0000150e      0x16c ./Generated_Code/Serial1.o
 .debug_info    0x0000167a      0x2c7 ./Generated_Code/PwmLdd3.o
 .debug_info    0x00001941      0x345 ./Generated_Code/PwmLdd2.o
 .debug_info    0x00001c86      0x2c7 ./Generated_Code/PwmLdd1.o
 .debug_info    0x00001f4d      0x24e ./Generated_Code/PE_LDD.o
 .debug_info    0x0000219b      0x8e1 ./Generated_Code/Cpu.o
 .debug_info    0x00002a7c       0xa7 ./Generated_Code/CameraTimer1.o
 .debug_info    0x00002b23      0x313 ./Generated_Code/BitIoLdd9.o
 .debug_info    0x00002e36      0x3c1 ./Generated_Code/BitIoLdd8.o
 .debug_info    0x000031f7      0x313 ./Generated_Code/BitIoLdd7.o
 .debug_info    0x0000350a      0x399 ./Generated_Code/BitIoLdd6.o
 .debug_info    0x000038a3      0x399 ./Generated_Code/BitIoLdd5.o
 .debug_info    0x00003c3c      0x3c1 ./Generated_Code/BitIoLdd4.o
 .debug_info    0x00003ffd      0x399 ./Generated_Code/BitIoLdd3.o
 .debug_info    0x00004396      0x399 ./Generated_Code/BitIoLdd2.o
 .debug_info    0x0000472f      0x399 ./Generated_Code/BitIoLdd13.o
 .debug_info    0x00004ac8      0x399 ./Generated_Code/BitIoLdd12.o
 .debug_info    0x00004e61      0x313 ./Generated_Code/BitIoLdd11.o
 .debug_info    0x00005174      0x313 ./Generated_Code/BitIoLdd10.o
 .debug_info    0x00005487      0x399 ./Generated_Code/BitIoLdd1.o
 .debug_info    0x00005820      0x332 ./Generated_Code/Analog1.o
 .debug_info    0x00005b52      0x9a7 ./Generated_Code/AdcLdd1.o
 .debug_info    0x000064f9      0x6a9 ./Generated_Code/ASerialLdd1.o
 .debug_info    0x00006ba2      0x12a ./Project_Settings/Startup_Code/__arm_start.o
 .debug_info    0x00006ccc       0x54 ./Project_Settings/Startup_Code/__arm_end.o
 .debug_info    0x00006d20      0x287 ./Sources/ProcessorExpert.o
 .debug_info    0x00006fa7      0x17c ./Sources/Events.o
 .debug_info    0x00007123       0xe8 C:/Freescale/CW MCU v10.4/MCU/ARM_GCC_Support/ewl/lib/armv6-m\libc.a(exit.o)
 .debug_info    0x0000720b       0xec C:/Freescale/CW MCU v10.4/MCU/ARM_GCC_Support/ewl/lib/armv6-m\libc.a(memset.o)
 .debug_info    0x000072f7      0x50d C:/Freescale/CW MCU v10.4/MCU/ARM_GCC_Support/ewl/lib/armv6-m\libc.a(printformat_.o)
 .debug_info    0x00007804      0x568 C:/Freescale/CW MCU v10.4/MCU/ARM_GCC_Support/ewl/lib/armv6-m\libc.a(scanformat_.o)
 .debug_info    0x00007d6c      0x313 C:/Freescale/CW MCU v10.4/MCU/ARM_GCC_Support/ewl/lib/armv6-m\libc.a(ctype_aeabi.o)
 .debug_info    0x0000807f      0x1d6 C:/Freescale/CW MCU v10.4/MCU/ARM_GCC_Support/ewl/lib/armv6-m\libc.a(__strtoul.o)
 .debug_info    0x00008255      0x137 C:/Freescale/CW MCU v10.4/MCU/ARM_GCC_Support/ewl/lib/armv6-m\libc.a(__filll_mem.o)
 .debug_info    0x0000838c      0x121 C:/Freescale/CW MCU v10.4/MCU/ARM_GCC_Support/ewl/lib/armv6-m\libc.a(memchr.o)
 .debug_info    0x000084ad      0x10f C:/Freescale/CW MCU v10.4/MCU/ARM_GCC_Support/ewl/lib/armv6-m\libc.a(memcpy.o)
 .debug_info    0x000085bc      0x10b C:/Freescale/CW MCU v10.4/MCU/ARM_GCC_Support/ewl/lib/armv6-m\libc.a(strchr.o)
 .debug_info    0x000086c7       0xea C:/Freescale/CW MCU v10.4/MCU/ARM_GCC_Support/ewl/lib/armv6-m\libc.a(strlen.o)
 .debug_info    0x000087b1      0x136 C:/Freescale/CW MCU v10.4/MCU/ARM_GCC_Support/ewl/lib/armv6-m\librt.a(gcc_ctor_dtor.o)
 .debug_info    0x000088e7      0x19b C:/Freescale/CW MCU v10.4/MCU/ARM_GCC_Support/ewl/lib/armv6-m\librt.a(ROMCopy.o)
 .debug_info    0x00008a82      0x2b9 C:/Freescale/CW MCU v10.4/MCU/ARM_GCC_Support/ewl/lib/armv6-m\librt.a(__arm_eabi_init.o)

.debug_abbrev   0x00000000     0x2db5
 .debug_abbrev  0x00000000       0xa3 ./Generated_Code/Vectors.o
 .debug_abbrev  0x000000a3       0xd2 ./Generated_Code/TimerIntLdd1.o
 .debug_abbrev  0x00000175      0x17e ./Generated_Code/TU3.o
 .debug_abbrev  0x000002f3      0x17e ./Generated_Code/TU2.o
 .debug_abbrev  0x00000471      0x134 ./Generated_Code/TU1.o
 .debug_abbrev  0x000005a5       0xd0 ./Generated_Code/Serial1.o
 .debug_abbrev  0x00000675       0xfb ./Generated_Code/PwmLdd3.o
 .debug_abbrev  0x00000770      0x114 ./Generated_Code/PwmLdd2.o
 .debug_abbrev  0x00000884       0xfb ./Generated_Code/PwmLdd1.o
 .debug_abbrev  0x0000097f      0x102 ./Generated_Code/PE_LDD.o
 .debug_abbrev  0x00000a81      0x122 ./Generated_Code/Cpu.o
 .debug_abbrev  0x00000ba3       0x60 ./Generated_Code/CameraTimer1.o
 .debug_abbrev  0x00000c03      0x105 ./Generated_Code/BitIoLdd9.o
 .debug_abbrev  0x00000d08      0x12b ./Generated_Code/BitIoLdd8.o
 .debug_abbrev  0x00000e33      0x105 ./Generated_Code/BitIoLdd7.o
 .debug_abbrev  0x00000f38      0x12b ./Generated_Code/BitIoLdd6.o
 .debug_abbrev  0x00001063      0x12b ./Generated_Code/BitIoLdd5.o
 .debug_abbrev  0x0000118e      0x12b ./Generated_Code/BitIoLdd4.o
 .debug_abbrev  0x000012b9      0x12b ./Generated_Code/BitIoLdd3.o
 .debug_abbrev  0x000013e4      0x12b ./Generated_Code/BitIoLdd2.o
 .debug_abbrev  0x0000150f      0x12b ./Generated_Code/BitIoLdd13.o
 .debug_abbrev  0x0000163a      0x12b ./Generated_Code/BitIoLdd12.o
 .debug_abbrev  0x00001765      0x105 ./Generated_Code/BitIoLdd11.o
 .debug_abbrev  0x0000186a      0x105 ./Generated_Code/BitIoLdd10.o
 .debug_abbrev  0x0000196f      0x12b ./Generated_Code/BitIoLdd1.o
 .debug_abbrev  0x00001a9a      0x132 ./Generated_Code/Analog1.o
 .debug_abbrev  0x00001bcc      0x19d ./Generated_Code/AdcLdd1.o
 .debug_abbrev  0x00001d69      0x18d ./Generated_Code/ASerialLdd1.o
 .debug_abbrev  0x00001ef6       0x92 ./Project_Settings/Startup_Code/__arm_start.o
 .debug_abbrev  0x00001f88       0x4c ./Project_Settings/Startup_Code/__arm_end.o
 .debug_abbrev  0x00001fd4      0x11c ./Sources/ProcessorExpert.o
 .debug_abbrev  0x000020f0       0x97 ./Sources/Events.o
 .debug_abbrev  0x00002187       0x7a C:/Freescale/CW MCU v10.4/MCU/ARM_GCC_Support/ewl/lib/armv6-m\libc.a(exit.o)
 .debug_abbrev  0x00002201       0x62 C:/Freescale/CW MCU v10.4/MCU/ARM_GCC_Support/ewl/lib/armv6-m\libc.a(memset.o)
 .debug_abbrev  0x00002263      0x200 C:/Freescale/CW MCU v10.4/MCU/ARM_GCC_Support/ewl/lib/armv6-m\libc.a(printformat_.o)
 .debug_abbrev  0x00002463      0x1f0 C:/Freescale/CW MCU v10.4/MCU/ARM_GCC_Support/ewl/lib/armv6-m\libc.a(scanformat_.o)
 .debug_abbrev  0x00002653       0x9e C:/Freescale/CW MCU v10.4/MCU/ARM_GCC_Support/ewl/lib/armv6-m\libc.a(ctype_aeabi.o)
 .debug_abbrev  0x000026f1       0xc2 C:/Freescale/CW MCU v10.4/MCU/ARM_GCC_Support/ewl/lib/armv6-m\libc.a(__strtoul.o)
 .debug_abbrev  0x000027b3       0x78 C:/Freescale/CW MCU v10.4/MCU/ARM_GCC_Support/ewl/lib/armv6-m\libc.a(__filll_mem.o)
 .debug_abbrev  0x0000282b       0x95 C:/Freescale/CW MCU v10.4/MCU/ARM_GCC_Support/ewl/lib/armv6-m\libc.a(memchr.o)
 .debug_abbrev  0x000028c0       0x95 C:/Freescale/CW MCU v10.4/MCU/ARM_GCC_Support/ewl/lib/armv6-m\libc.a(memcpy.o)
 .debug_abbrev  0x00002955       0x7a C:/Freescale/CW MCU v10.4/MCU/ARM_GCC_Support/ewl/lib/armv6-m\libc.a(strchr.o)
 .debug_abbrev  0x000029cf       0x7a C:/Freescale/CW MCU v10.4/MCU/ARM_GCC_Support/ewl/lib/armv6-m\libc.a(strlen.o)
 .debug_abbrev  0x00002a49       0x99 C:/Freescale/CW MCU v10.4/MCU/ARM_GCC_Support/ewl/lib/armv6-m\librt.a(gcc_ctor_dtor.o)
 .debug_abbrev  0x00002ae2      0x120 C:/Freescale/CW MCU v10.4/MCU/ARM_GCC_Support/ewl/lib/armv6-m\librt.a(ROMCopy.o)
 .debug_abbrev  0x00002c02      0x1b3 C:/Freescale/CW MCU v10.4/MCU/ARM_GCC_Support/ewl/lib/armv6-m\librt.a(__arm_eabi_init.o)

.debug_aranges  0x00000000      0xa30
 .debug_aranges
                0x00000000       0x18 ./Generated_Code/Vectors.o
 .debug_aranges
                0x00000018       0x38 ./Generated_Code/TimerIntLdd1.o
 .debug_aranges
                0x00000050       0x60 ./Generated_Code/TU3.o
 .debug_aranges
                0x000000b0       0x48 ./Generated_Code/TU2.o
 .debug_aranges
                0x000000f8       0x38 ./Generated_Code/TU1.o
 .debug_aranges
                0x00000130       0x38 ./Generated_Code/Serial1.o
 .debug_aranges
                0x00000168       0x40 ./Generated_Code/PwmLdd3.o
 .debug_aranges
                0x000001a8       0x50 ./Generated_Code/PwmLdd2.o
 .debug_aranges
                0x000001f8       0x40 ./Generated_Code/PwmLdd1.o
 .debug_aranges
                0x00000238       0x30 ./Generated_Code/PE_LDD.o
 .debug_aranges
                0x00000268       0x38 ./Generated_Code/Cpu.o
 .debug_aranges
                0x000002a0       0x20 ./Generated_Code/CameraTimer1.o
 .debug_aranges
                0x000002c0       0x28 ./Generated_Code/BitIoLdd9.o
 .debug_aranges
                0x000002e8       0x48 ./Generated_Code/BitIoLdd8.o
 .debug_aranges
                0x00000330       0x28 ./Generated_Code/BitIoLdd7.o
 .debug_aranges
                0x00000358       0x40 ./Generated_Code/BitIoLdd6.o
 .debug_aranges
                0x00000398       0x40 ./Generated_Code/BitIoLdd5.o
 .debug_aranges
                0x000003d8       0x48 ./Generated_Code/BitIoLdd4.o
 .debug_aranges
                0x00000420       0x40 ./Generated_Code/BitIoLdd3.o
 .debug_aranges
                0x00000460       0x40 ./Generated_Code/BitIoLdd2.o
 .debug_aranges
                0x000004a0       0x40 ./Generated_Code/BitIoLdd13.o
 .debug_aranges
                0x000004e0       0x40 ./Generated_Code/BitIoLdd12.o
 .debug_aranges
                0x00000520       0x28 ./Generated_Code/BitIoLdd11.o
 .debug_aranges
                0x00000548       0x28 ./Generated_Code/BitIoLdd10.o
 .debug_aranges
                0x00000570       0x40 ./Generated_Code/BitIoLdd1.o
 .debug_aranges
                0x000005b0       0x78 ./Generated_Code/Analog1.o
 .debug_aranges
                0x00000628       0x70 ./Generated_Code/AdcLdd1.o
 .debug_aranges
                0x00000698       0x48 ./Generated_Code/ASerialLdd1.o
 .debug_aranges
                0x000006e0       0x30 ./Project_Settings/Startup_Code/__arm_start.o
 .debug_aranges
                0x00000710       0x20 ./Project_Settings/Startup_Code/__arm_end.o
 .debug_aranges
                0x00000730       0x48 ./Sources/ProcessorExpert.o
 .debug_aranges
                0x00000778       0x38 ./Sources/Events.o
 .debug_aranges
                0x000007b0       0x20 C:/Freescale/CW MCU v10.4/MCU/ARM_GCC_Support/ewl/lib/armv6-m\libc.a(exit.o)
 .debug_aranges
                0x000007d0       0x20 C:/Freescale/CW MCU v10.4/MCU/ARM_GCC_Support/ewl/lib/armv6-m\libc.a(memset.o)
 .debug_aranges
                0x000007f0       0x28 C:/Freescale/CW MCU v10.4/MCU/ARM_GCC_Support/ewl/lib/armv6-m\libc.a(printformat_.o)
 .debug_aranges
                0x00000818       0x20 C:/Freescale/CW MCU v10.4/MCU/ARM_GCC_Support/ewl/lib/armv6-m\libc.a(scanformat_.o)
 .debug_aranges
                0x00000838       0x88 C:/Freescale/CW MCU v10.4/MCU/ARM_GCC_Support/ewl/lib/armv6-m\libc.a(ctype_aeabi.o)
 .debug_aranges
                0x000008c0       0x20 C:/Freescale/CW MCU v10.4/MCU/ARM_GCC_Support/ewl/lib/armv6-m\libc.a(__strtoul.o)
 .debug_aranges
                0x000008e0       0x20 C:/Freescale/CW MCU v10.4/MCU/ARM_GCC_Support/ewl/lib/armv6-m\libc.a(__filll_mem.o)
 .debug_aranges
                0x00000900       0x20 C:/Freescale/CW MCU v10.4/MCU/ARM_GCC_Support/ewl/lib/armv6-m\libc.a(memchr.o)
 .debug_aranges
                0x00000920       0x20 C:/Freescale/CW MCU v10.4/MCU/ARM_GCC_Support/ewl/lib/armv6-m\libc.a(memcpy.o)
 .debug_aranges
                0x00000940       0x20 C:/Freescale/CW MCU v10.4/MCU/ARM_GCC_Support/ewl/lib/armv6-m\libc.a(strchr.o)
 .debug_aranges
                0x00000960       0x20 C:/Freescale/CW MCU v10.4/MCU/ARM_GCC_Support/ewl/lib/armv6-m\libc.a(strlen.o)
 .debug_aranges
                0x00000980       0x28 C:/Freescale/CW MCU v10.4/MCU/ARM_GCC_Support/ewl/lib/armv6-m\librt.a(gcc_ctor_dtor.o)
 .debug_aranges
                0x000009a8       0x30 C:/Freescale/CW MCU v10.4/MCU/ARM_GCC_Support/ewl/lib/armv6-m\librt.a(ROMCopy.o)
 .debug_aranges
                0x000009d8       0x58 C:/Freescale/CW MCU v10.4/MCU/ARM_GCC_Support/ewl/lib/armv6-m\librt.a(__arm_eabi_init.o)

.debug_macinfo  0x00000000   0x5bb8ca
 .debug_macinfo
                0x00000000    0x36f0b ./Generated_Code/Vectors.o
 .debug_macinfo
                0x00036f0b    0x2eb5e ./Generated_Code/TimerIntLdd1.o
 .debug_macinfo
                0x00065a69    0x2f90a ./Generated_Code/TU3.o
 .debug_macinfo
                0x00095373    0x2f8e1 ./Generated_Code/TU2.o
 .debug_macinfo
                0x000c4c54    0x2eabc ./Generated_Code/TU1.o
 .debug_macinfo
                0x000f3710    0x2dd18 ./Generated_Code/Serial1.o
 .debug_macinfo
                0x00121428    0x2f9fb ./Generated_Code/PwmLdd3.o
 .debug_macinfo
                0x00150e23    0x2fa7b ./Generated_Code/PwmLdd2.o
 .debug_macinfo
                0x0018089e    0x2f9fb ./Generated_Code/PwmLdd1.o
 .debug_macinfo
                0x001b0299    0x36e53 ./Generated_Code/PE_LDD.o
 .debug_macinfo
                0x001e70ec    0x36f0f ./Generated_Code/Cpu.o
 .debug_macinfo
                0x0021dffb    0x36ebf ./Generated_Code/CameraTimer1.o
 .debug_macinfo
                0x00254eba    0x2e588 ./Generated_Code/BitIoLdd9.o
 .debug_macinfo
                0x00283442    0x2e616 ./Generated_Code/BitIoLdd8.o
 .debug_macinfo
                0x002b1a58    0x2e588 ./Generated_Code/BitIoLdd7.o
 .debug_macinfo
                0x002dffe0    0x2e5f7 ./Generated_Code/BitIoLdd6.o
 .debug_macinfo
                0x0030e5d7    0x2e5f1 ./Generated_Code/BitIoLdd5.o
 .debug_macinfo
                0x0033cbc8    0x2e616 ./Generated_Code/BitIoLdd4.o
 .debug_macinfo
                0x0036b1de    0x2e5f1 ./Generated_Code/BitIoLdd3.o
 .debug_macinfo
                0x003997cf    0x2e5f1 ./Generated_Code/BitIoLdd2.o
 .debug_macinfo
                0x003c7dc0    0x2e5ff ./Generated_Code/BitIoLdd13.o
 .debug_macinfo
                0x003f63bf    0x2e5ff ./Generated_Code/BitIoLdd12.o
 .debug_macinfo
                0x004249be    0x2e591 ./Generated_Code/BitIoLdd11.o
 .debug_macinfo
                0x00452f4f    0x2e591 ./Generated_Code/BitIoLdd10.o
 .debug_macinfo
                0x004814e0    0x2e5f1 ./Generated_Code/BitIoLdd1.o
 .debug_macinfo
                0x004afad1    0x36f12 ./Generated_Code/Analog1.o
 .debug_macinfo
                0x004e69e3    0x30105 ./Generated_Code/AdcLdd1.o
 .debug_macinfo
                0x00516ae8    0x2fba8 ./Generated_Code/ASerialLdd1.o
 .debug_macinfo
                0x00546690     0x3e6d ./Project_Settings/Startup_Code/__arm_start.o
 .debug_macinfo
                0x0054a4fd     0x3456 ./Project_Settings/Startup_Code/__arm_end.o
 .debug_macinfo
                0x0054d953    0x36f4d ./Sources/ProcessorExpert.o
 .debug_macinfo
                0x005848a0    0x3702a ./Sources/Events.o

.debug_line     0x00000000     0x7959
 .debug_line    0x00000000      0x76a ./Generated_Code/Vectors.o
 .debug_line    0x0000076a      0x29c ./Generated_Code/TimerIntLdd1.o
 .debug_line    0x00000a06      0x304 ./Generated_Code/TU3.o
 .debug_line    0x00000d0a      0x2d0 ./Generated_Code/TU2.o
 .debug_line    0x00000fda      0x28a ./Generated_Code/TU1.o
 .debug_line    0x00001264      0x21f ./Generated_Code/Serial1.o
 .debug_line    0x00001483      0x29f ./Generated_Code/PwmLdd3.o
 .debug_line    0x00001722      0x2cc ./Generated_Code/PwmLdd2.o
 .debug_line    0x000019ee      0x29f ./Generated_Code/PwmLdd1.o
 .debug_line    0x00001c8d      0x4cd ./Generated_Code/PE_LDD.o
 .debug_line    0x0000215a      0x7de ./Generated_Code/Cpu.o
 .debug_line    0x00002938      0x526 ./Generated_Code/CameraTimer1.o
 .debug_line    0x00002e5e      0x24a ./Generated_Code/BitIoLdd9.o
 .debug_line    0x000030a8      0x294 ./Generated_Code/BitIoLdd8.o
 .debug_line    0x0000333c      0x24a ./Generated_Code/BitIoLdd7.o
 .debug_line    0x00003586      0x282 ./Generated_Code/BitIoLdd6.o
 .debug_line    0x00003808      0x283 ./Generated_Code/BitIoLdd5.o
 .debug_line    0x00003a8b      0x294 ./Generated_Code/BitIoLdd4.o
 .debug_line    0x00003d1f      0x283 ./Generated_Code/BitIoLdd3.o
 .debug_line    0x00003fa2      0x283 ./Generated_Code/BitIoLdd2.o
 .debug_line    0x00004225      0x284 ./Generated_Code/BitIoLdd13.o
 .debug_line    0x000044a9      0x284 ./Generated_Code/BitIoLdd12.o
 .debug_line    0x0000472d      0x24c ./Generated_Code/BitIoLdd11.o
 .debug_line    0x00004979      0x24c ./Generated_Code/BitIoLdd10.o
 .debug_line    0x00004bc5      0x283 ./Generated_Code/BitIoLdd1.o
 .debug_line    0x00004e48      0x635 ./Generated_Code/Analog1.o
 .debug_line    0x0000547d      0x34e ./Generated_Code/AdcLdd1.o
 .debug_line    0x000057cb      0x2c8 ./Generated_Code/ASerialLdd1.o
 .debug_line    0x00005a93      0x29d ./Project_Settings/Startup_Code/__arm_start.o
 .debug_line    0x00005d30      0x266 ./Project_Settings/Startup_Code/__arm_end.o
 .debug_line    0x00005f96      0x581 ./Sources/ProcessorExpert.o
 .debug_line    0x00006517      0x566 ./Sources/Events.o
 .debug_line    0x00006a7d       0x8d C:/Freescale/CW MCU v10.4/MCU/ARM_GCC_Support/ewl/lib/armv6-m\libc.a(exit.o)
 .debug_line    0x00006b0a       0x90 C:/Freescale/CW MCU v10.4/MCU/ARM_GCC_Support/ewl/lib/armv6-m\libc.a(memset.o)
 .debug_line    0x00006b9a      0x2c3 C:/Freescale/CW MCU v10.4/MCU/ARM_GCC_Support/ewl/lib/armv6-m\libc.a(printformat_.o)
 .debug_line    0x00006e5d      0x2be C:/Freescale/CW MCU v10.4/MCU/ARM_GCC_Support/ewl/lib/armv6-m\libc.a(scanformat_.o)
 .debug_line    0x0000711b      0x1be C:/Freescale/CW MCU v10.4/MCU/ARM_GCC_Support/ewl/lib/armv6-m\libc.a(ctype_aeabi.o)
 .debug_line    0x000072d9      0x11e C:/Freescale/CW MCU v10.4/MCU/ARM_GCC_Support/ewl/lib/armv6-m\libc.a(__strtoul.o)
 .debug_line    0x000073f7       0xf6 C:/Freescale/CW MCU v10.4/MCU/ARM_GCC_Support/ewl/lib/armv6-m\libc.a(__filll_mem.o)
 .debug_line    0x000074ed       0x9f C:/Freescale/CW MCU v10.4/MCU/ARM_GCC_Support/ewl/lib/armv6-m\libc.a(memchr.o)
 .debug_line    0x0000758c       0x8b C:/Freescale/CW MCU v10.4/MCU/ARM_GCC_Support/ewl/lib/armv6-m\libc.a(memcpy.o)
 .debug_line    0x00007617       0x7d C:/Freescale/CW MCU v10.4/MCU/ARM_GCC_Support/ewl/lib/armv6-m\libc.a(strchr.o)
 .debug_line    0x00007694       0x85 C:/Freescale/CW MCU v10.4/MCU/ARM_GCC_Support/ewl/lib/armv6-m\libc.a(strlen.o)
 .debug_line    0x00007719       0x6c C:/Freescale/CW MCU v10.4/MCU/ARM_GCC_Support/ewl/lib/armv6-m\librt.a(gcc_ctor_dtor.o)
 .debug_line    0x00007785       0xbd C:/Freescale/CW MCU v10.4/MCU/ARM_GCC_Support/ewl/lib/armv6-m\librt.a(ROMCopy.o)
 .debug_line    0x00007842      0x117 C:/Freescale/CW MCU v10.4/MCU/ARM_GCC_Support/ewl/lib/armv6-m\librt.a(__arm_eabi_init.o)

.debug_str      0x00000000     0x236d
 .debug_str     0x00000000      0x13c ./Generated_Code/Vectors.o
                                0x16e (size before relaxing)
 .debug_str     0x0000013c      0x12e ./Generated_Code/TimerIntLdd1.o
                                0x24c (size before relaxing)
 .debug_str     0x0000026a      0x2be ./Generated_Code/TU3.o
                                0x46f (size before relaxing)
 .debug_str     0x00000528       0xa4 ./Generated_Code/TU2.o
                                0x440 (size before relaxing)
 .debug_str     0x000005cc       0xff ./Generated_Code/TU1.o
                                0x2e7 (size before relaxing)
 .debug_str     0x000006cb       0xb5 ./Generated_Code/Serial1.o
                                0x1dc (size before relaxing)
 .debug_str     0x00000780       0xb4 ./Generated_Code/PwmLdd3.o
                                0x285 (size before relaxing)
 .debug_str     0x00000834       0x93 ./Generated_Code/PwmLdd2.o
                                0x2a4 (size before relaxing)
 .debug_str     0x000008c7       0x74 ./Generated_Code/PwmLdd1.o
                                0x285 (size before relaxing)
 .debug_str     0x0000093b      0x172 ./Generated_Code/PE_LDD.o
                                0x2d1 (size before relaxing)
 .debug_str     0x00000aad      0x16f ./Generated_Code/Cpu.o
                                0x41d (size before relaxing)
 .debug_str     0x00000c1c       0x3a ./Generated_Code/CameraTimer1.o
                                0x164 (size before relaxing)
 .debug_str     0x00000c56       0xb1 ./Generated_Code/BitIoLdd9.o
                                0x2a7 (size before relaxing)
 .debug_str     0x00000d07       0xb1 ./Generated_Code/BitIoLdd8.o
                                0x2eb (size before relaxing)
 .debug_str     0x00000db8       0x6d ./Generated_Code/BitIoLdd7.o
                                0x2a7 (size before relaxing)
 .debug_str     0x00000e25       0xa0 ./Generated_Code/BitIoLdd6.o
                                0x2da (size before relaxing)
 .debug_str     0x00000ec5       0xa0 ./Generated_Code/BitIoLdd5.o
                                0x2da (size before relaxing)
 .debug_str     0x00000f65       0xb1 ./Generated_Code/BitIoLdd4.o
                                0x2eb (size before relaxing)
 .debug_str     0x00001016       0xa0 ./Generated_Code/BitIoLdd3.o
                                0x2da (size before relaxing)
 .debug_str     0x000010b6       0xa0 ./Generated_Code/BitIoLdd2.o
                                0x2da (size before relaxing)
 .debug_str     0x00001156       0xa8 ./Generated_Code/BitIoLdd13.o
                                0x2e2 (size before relaxing)
 .debug_str     0x000011fe       0xa8 ./Generated_Code/BitIoLdd12.o
                                0x2e2 (size before relaxing)
 .debug_str     0x000012a6       0x72 ./Generated_Code/BitIoLdd11.o
                                0x2ac (size before relaxing)
 .debug_str     0x00001318       0x72 ./Generated_Code/BitIoLdd10.o
                                0x2ac (size before relaxing)
 .debug_str     0x0000138a       0xa0 ./Generated_Code/BitIoLdd1.o
                                0x2da (size before relaxing)
 .debug_str     0x0000142a      0x14c ./Generated_Code/Analog1.o
                                0x2d5 (size before relaxing)
 .debug_str     0x00001576      0x235 ./Generated_Code/AdcLdd1.o
                                0x5ad (size before relaxing)
 .debug_str     0x000017ab      0x149 ./Generated_Code/ASerialLdd1.o
                                0x42f (size before relaxing)
 .debug_str     0x000018f4       0x85 ./Project_Settings/Startup_Code/__arm_start.o
                                0x19c (size before relaxing)
 .debug_str     0x00001979       0x41 ./Project_Settings/Startup_Code/__arm_end.o
                                 0xd3 (size before relaxing)
 .debug_str     0x000019ba       0xd8 ./Sources/ProcessorExpert.o
                                0x218 (size before relaxing)
 .debug_str     0x00001a92       0x69 ./Sources/Events.o
                                0x202 (size before relaxing)
 .debug_str     0x00001afb       0x54 C:/Freescale/CW MCU v10.4/MCU/ARM_GCC_Support/ewl/lib/armv6-m\libc.a(exit.o)
                                0x157 (size before relaxing)
 .debug_str     0x00001b4f       0x23 C:/Freescale/CW MCU v10.4/MCU/ARM_GCC_Support/ewl/lib/armv6-m\libc.a(memset.o)
                                0x140 (size before relaxing)
 .debug_str     0x00001b72      0x23b C:/Freescale/CW MCU v10.4/MCU/ARM_GCC_Support/ewl/lib/armv6-m\libc.a(printformat_.o)
                                0x3b3 (size before relaxing)
 .debug_str     0x00001dad      0x184 C:/Freescale/CW MCU v10.4/MCU/ARM_GCC_Support/ewl/lib/armv6-m\libc.a(scanformat_.o)
                                0x3f9 (size before relaxing)
 .debug_str     0x00001f31       0x9d C:/Freescale/CW MCU v10.4/MCU/ARM_GCC_Support/ewl/lib/armv6-m\libc.a(ctype_aeabi.o)
                                0x1bc (size before relaxing)
 .debug_str     0x00001fce       0x61 C:/Freescale/CW MCU v10.4/MCU/ARM_GCC_Support/ewl/lib/armv6-m\libc.a(__strtoul.o)
                                0x1fb (size before relaxing)
 .debug_str     0x0000202f       0x25 C:/Freescale/CW MCU v10.4/MCU/ARM_GCC_Support/ewl/lib/armv6-m\libc.a(__filll_mem.o)
                                0x152 (size before relaxing)
 .debug_str     0x00002054       0x1c C:/Freescale/CW MCU v10.4/MCU/ARM_GCC_Support/ewl/lib/armv6-m\libc.a(memchr.o)
                                0x148 (size before relaxing)
 .debug_str     0x00002070       0x1c C:/Freescale/CW MCU v10.4/MCU/ARM_GCC_Support/ewl/lib/armv6-m\libc.a(memcpy.o)
                                0x138 (size before relaxing)
 .debug_str     0x0000208c       0x1c C:/Freescale/CW MCU v10.4/MCU/ARM_GCC_Support/ewl/lib/armv6-m\libc.a(strchr.o)
                                0x137 (size before relaxing)
 .debug_str     0x000020a8       0x1c C:/Freescale/CW MCU v10.4/MCU/ARM_GCC_Support/ewl/lib/armv6-m\libc.a(strlen.o)
                                0x140 (size before relaxing)
 .debug_str     0x000020c4      0x126 C:/Freescale/CW MCU v10.4/MCU/ARM_GCC_Support/ewl/lib/armv6-m\librt.a(gcc_ctor_dtor.o)
                                0x181 (size before relaxing)
 .debug_str     0x000021ea       0x95 C:/Freescale/CW MCU v10.4/MCU/ARM_GCC_Support/ewl/lib/armv6-m\librt.a(ROMCopy.o)
                                0x13c (size before relaxing)
 .debug_str     0x0000227f       0xee C:/Freescale/CW MCU v10.4/MCU/ARM_GCC_Support/ewl/lib/armv6-m\librt.a(__arm_eabi_init.o)
                                0x1b5 (size before relaxing)

.comment        0x00000000       0x79
 .comment       0x00000000       0x79 ./Generated_Code/Vectors.o
                                 0x7a (size before relaxing)
 .comment       0x00000000       0x7a ./Generated_Code/TimerIntLdd1.o
 .comment       0x00000000       0x7a ./Generated_Code/TU3.o
 .comment       0x00000000       0x7a ./Generated_Code/TU2.o
 .comment       0x00000000       0x7a ./Generated_Code/TU1.o
 .comment       0x00000000       0x7a ./Generated_Code/Serial1.o
 .comment       0x00000000       0x7a ./Generated_Code/PwmLdd3.o
 .comment       0x00000000       0x7a ./Generated_Code/PwmLdd2.o
 .comment       0x00000000       0x7a ./Generated_Code/PwmLdd1.o
 .comment       0x00000000       0x7a ./Generated_Code/PE_LDD.o
 .comment       0x00000000       0x7a ./Generated_Code/Cpu.o
 .comment       0x00000000       0x7a ./Generated_Code/CameraTimer1.o
 .comment       0x00000000       0x7a ./Generated_Code/BitIoLdd9.o
 .comment       0x00000000       0x7a ./Generated_Code/BitIoLdd8.o
 .comment       0x00000000       0x7a ./Generated_Code/BitIoLdd7.o
 .comment       0x00000000       0x7a ./Generated_Code/BitIoLdd6.o
 .comment       0x00000000       0x7a ./Generated_Code/BitIoLdd5.o
 .comment       0x00000000       0x7a ./Generated_Code/BitIoLdd4.o
 .comment       0x00000000       0x7a ./Generated_Code/BitIoLdd3.o
 .comment       0x00000000       0x7a ./Generated_Code/BitIoLdd2.o
 .comment       0x00000000       0x7a ./Generated_Code/BitIoLdd13.o
 .comment       0x00000000       0x7a ./Generated_Code/BitIoLdd12.o
 .comment       0x00000000       0x7a ./Generated_Code/BitIoLdd11.o
 .comment       0x00000000       0x7a ./Generated_Code/BitIoLdd10.o
 .comment       0x00000000       0x7a ./Generated_Code/BitIoLdd1.o
 .comment       0x00000000       0x7a ./Generated_Code/Analog1.o
 .comment       0x00000000       0x7a ./Generated_Code/AdcLdd1.o
 .comment       0x00000000       0x7a ./Generated_Code/ASerialLdd1.o
 .comment       0x00000000       0x7a ./Project_Settings/Startup_Code/__arm_start.o
 .comment       0x00000000       0x7a ./Project_Settings/Startup_Code/__arm_end.o
 .comment       0x00000000       0x7a ./Sources/ProcessorExpert.o
 .comment       0x00000000       0x7a ./Sources/Events.o
 .comment       0x00000000       0x7a C:/Freescale/CW MCU v10.4/MCU/ARM_GCC_Support/ewl/lib/armv6-m\libc.a(exit.o)
 .comment       0x00000000       0x7a C:/Freescale/CW MCU v10.4/MCU/ARM_GCC_Support/ewl/lib/armv6-m\libc.a(memset.o)
 .comment       0x00000000       0x7a C:/Freescale/CW MCU v10.4/MCU/ARM_GCC_Support/ewl/lib/armv6-m\libc.a(printformat_.o)
 .comment       0x00000000       0x7a C:/Freescale/CW MCU v10.4/MCU/ARM_GCC_Support/ewl/lib/armv6-m\libc.a(scanformat_.o)
 .comment       0x00000000       0x7a C:/Freescale/CW MCU v10.4/MCU/ARM_GCC_Support/ewl/lib/armv6-m\libc.a(ctype_aeabi.o)
 .comment       0x00000000       0x7a C:/Freescale/CW MCU v10.4/MCU/ARM_GCC_Support/ewl/lib/armv6-m\libc.a(__strtoul.o)
 .comment       0x00000000       0x7a C:/Freescale/CW MCU v10.4/MCU/ARM_GCC_Support/ewl/lib/armv6-m\libc.a(__filll_mem.o)
 .comment       0x00000000       0x7a C:/Freescale/CW MCU v10.4/MCU/ARM_GCC_Support/ewl/lib/armv6-m\libc.a(memchr.o)
 .comment       0x00000000       0x7a C:/Freescale/CW MCU v10.4/MCU/ARM_GCC_Support/ewl/lib/armv6-m\libc.a(memcpy.o)
 .comment       0x00000000       0x7a C:/Freescale/CW MCU v10.4/MCU/ARM_GCC_Support/ewl/lib/armv6-m\libc.a(strchr.o)
 .comment       0x00000000       0x7a C:/Freescale/CW MCU v10.4/MCU/ARM_GCC_Support/ewl/lib/armv6-m\libc.a(strlen.o)
 .comment       0x00000000       0x7a C:/Freescale/CW MCU v10.4/MCU/ARM_GCC_Support/ewl/lib/armv6-m\librt.a(gcc_ctor_dtor.o)
 .comment       0x00000000       0x7a C:/Freescale/CW MCU v10.4/MCU/ARM_GCC_Support/ewl/lib/armv6-m\librt.a(ROMCopy.o)
 .comment       0x00000000       0x7a C:/Freescale/CW MCU v10.4/MCU/ARM_GCC_Support/ewl/lib/armv6-m\librt.a(__arm_eabi_init.o)

.debug_loc      0x00000000     0x465b
 .debug_loc     0x00000000       0xe0 ./Generated_Code/TimerIntLdd1.o
 .debug_loc     0x000000e0      0x1f8 ./Generated_Code/TU3.o
 .debug_loc     0x000002d8      0x150 ./Generated_Code/TU2.o
 .debug_loc     0x00000428       0xe0 ./Generated_Code/TU1.o
 .debug_loc     0x00000508       0xbc ./Generated_Code/Serial1.o
 .debug_loc     0x000005c4      0x118 ./Generated_Code/PwmLdd3.o
 .debug_loc     0x000006dc      0x188 ./Generated_Code/PwmLdd2.o
 .debug_loc     0x00000864      0x118 ./Generated_Code/PwmLdd1.o
 .debug_loc     0x0000097c       0x9c ./Generated_Code/PE_LDD.o
 .debug_loc     0x00000a18       0xb0 ./Generated_Code/Cpu.o
 .debug_loc     0x00000ac8       0x38 ./Generated_Code/CameraTimer1.o
 .debug_loc     0x00000b00       0x70 ./Generated_Code/BitIoLdd9.o
 .debug_loc     0x00000b70      0x150 ./Generated_Code/BitIoLdd8.o
 .debug_loc     0x00000cc0       0x70 ./Generated_Code/BitIoLdd7.o
 .debug_loc     0x00000d30      0x118 ./Generated_Code/BitIoLdd6.o
 .debug_loc     0x00000e48      0x118 ./Generated_Code/BitIoLdd5.o
 .debug_loc     0x00000f60      0x150 ./Generated_Code/BitIoLdd4.o
 .debug_loc     0x000010b0      0x118 ./Generated_Code/BitIoLdd3.o
 .debug_loc     0x000011c8      0x118 ./Generated_Code/BitIoLdd2.o
 .debug_loc     0x000012e0      0x118 ./Generated_Code/BitIoLdd13.o
 .debug_loc     0x000013f8      0x118 ./Generated_Code/BitIoLdd12.o
 .debug_loc     0x00001510       0x70 ./Generated_Code/BitIoLdd11.o
 .debug_loc     0x00001580       0x70 ./Generated_Code/BitIoLdd10.o
 .debug_loc     0x000015f0      0x118 ./Generated_Code/BitIoLdd1.o
 .debug_loc     0x00001708      0x258 ./Generated_Code/Analog1.o
 .debug_loc     0x00001960      0x268 ./Generated_Code/AdcLdd1.o
 .debug_loc     0x00001bc8      0x150 ./Generated_Code/ASerialLdd1.o
 .debug_loc     0x00001d18       0x2c ./Project_Settings/Startup_Code/__arm_start.o
 .debug_loc     0x00001d44       0x38 ./Project_Settings/Startup_Code/__arm_end.o
 .debug_loc     0x00001d7c      0x144 ./Sources/ProcessorExpert.o
 .debug_loc     0x00001ec0       0xb0 ./Sources/Events.o
 .debug_loc     0x00001f70       0x3e C:/Freescale/CW MCU v10.4/MCU/ARM_GCC_Support/ewl/lib/armv6-m\libc.a(exit.o)
 .debug_loc     0x00001fae       0x6f C:/Freescale/CW MCU v10.4/MCU/ARM_GCC_Support/ewl/lib/armv6-m\libc.a(memset.o)
 .debug_loc     0x0000201d     0x104b C:/Freescale/CW MCU v10.4/MCU/ARM_GCC_Support/ewl/lib/armv6-m\libc.a(printformat_.o)
 .debug_loc     0x00003068      0x9d8 C:/Freescale/CW MCU v10.4/MCU/ARM_GCC_Support/ewl/lib/armv6-m\libc.a(scanformat_.o)
 .debug_loc     0x00003a40      0x30d C:/Freescale/CW MCU v10.4/MCU/ARM_GCC_Support/ewl/lib/armv6-m\libc.a(ctype_aeabi.o)
 .debug_loc     0x00003d4d      0x305 C:/Freescale/CW MCU v10.4/MCU/ARM_GCC_Support/ewl/lib/armv6-m\libc.a(__strtoul.o)
 .debug_loc     0x00004052      0x14a C:/Freescale/CW MCU v10.4/MCU/ARM_GCC_Support/ewl/lib/armv6-m\libc.a(__filll_mem.o)
 .debug_loc     0x0000419c       0x77 C:/Freescale/CW MCU v10.4/MCU/ARM_GCC_Support/ewl/lib/armv6-m\libc.a(memchr.o)
 .debug_loc     0x00004213       0x59 C:/Freescale/CW MCU v10.4/MCU/ARM_GCC_Support/ewl/lib/armv6-m\libc.a(memcpy.o)
 .debug_loc     0x0000426c       0xaf C:/Freescale/CW MCU v10.4/MCU/ARM_GCC_Support/ewl/lib/armv6-m\libc.a(strchr.o)
 .debug_loc     0x0000431b       0x33 C:/Freescale/CW MCU v10.4/MCU/ARM_GCC_Support/ewl/lib/armv6-m\libc.a(strlen.o)
 .debug_loc     0x0000434e       0x9d C:/Freescale/CW MCU v10.4/MCU/ARM_GCC_Support/ewl/lib/armv6-m\librt.a(gcc_ctor_dtor.o)
 .debug_loc     0x000043eb       0xd9 C:/Freescale/CW MCU v10.4/MCU/ARM_GCC_Support/ewl/lib/armv6-m\librt.a(ROMCopy.o)
 .debug_loc     0x000044c4      0x197 C:/Freescale/CW MCU v10.4/MCU/ARM_GCC_Support/ewl/lib/armv6-m\librt.a(__arm_eabi_init.o)

.debug_frame    0x00000000     0x1a58
 .debug_frame   0x00000000       0x90 ./Generated_Code/TimerIntLdd1.o
 .debug_frame   0x00000090      0x130 ./Generated_Code/TU3.o
 .debug_frame   0x000001c0       0xd0 ./Generated_Code/TU2.o
 .debug_frame   0x00000290       0x90 ./Generated_Code/TU1.o
 .debug_frame   0x00000320       0x84 ./Generated_Code/Serial1.o
 .debug_frame   0x000003a4       0xb0 ./Generated_Code/PwmLdd3.o
 .debug_frame   0x00000454       0xf0 ./Generated_Code/PwmLdd2.o
 .debug_frame   0x00000544       0xb0 ./Generated_Code/PwmLdd1.o
 .debug_frame   0x000005f4       0x6c ./Generated_Code/PE_LDD.o
 .debug_frame   0x00000660       0x80 ./Generated_Code/Cpu.o
 .debug_frame   0x000006e0       0x30 ./Generated_Code/CameraTimer1.o
 .debug_frame   0x00000710       0x50 ./Generated_Code/BitIoLdd9.o
 .debug_frame   0x00000760       0xd0 ./Generated_Code/BitIoLdd8.o
 .debug_frame   0x00000830       0x50 ./Generated_Code/BitIoLdd7.o
 .debug_frame   0x00000880       0xb0 ./Generated_Code/BitIoLdd6.o
 .debug_frame   0x00000930       0xb0 ./Generated_Code/BitIoLdd5.o
 .debug_frame   0x000009e0       0xd0 ./Generated_Code/BitIoLdd4.o
 .debug_frame   0x00000ab0       0xb0 ./Generated_Code/BitIoLdd3.o
 .debug_frame   0x00000b60       0xb0 ./Generated_Code/BitIoLdd2.o
 .debug_frame   0x00000c10       0xb0 ./Generated_Code/BitIoLdd13.o
 .debug_frame   0x00000cc0       0xb0 ./Generated_Code/BitIoLdd12.o
 .debug_frame   0x00000d70       0x50 ./Generated_Code/BitIoLdd11.o
 .debug_frame   0x00000dc0       0x50 ./Generated_Code/BitIoLdd10.o
 .debug_frame   0x00000e10       0xb0 ./Generated_Code/BitIoLdd1.o
 .debug_frame   0x00000ec0      0x178 ./Generated_Code/Analog1.o
 .debug_frame   0x00001038      0x170 ./Generated_Code/AdcLdd1.o
 .debug_frame   0x000011a8       0xd4 ./Generated_Code/ASerialLdd1.o
 .debug_frame   0x0000127c       0x4c ./Project_Settings/Startup_Code/__arm_start.o
 .debug_frame   0x000012c8       0x30 ./Project_Settings/Startup_Code/__arm_end.o
 .debug_frame   0x000012f8       0xcc ./Sources/ProcessorExpert.o
 .debug_frame   0x000013c4       0x80 ./Sources/Events.o
 .debug_frame   0x00001444       0x2c C:/Freescale/CW MCU v10.4/MCU/ARM_GCC_Support/ewl/lib/armv6-m\libc.a(exit.o)
 .debug_frame   0x00001470       0x28 C:/Freescale/CW MCU v10.4/MCU/ARM_GCC_Support/ewl/lib/armv6-m\libc.a(memset.o)
 .debug_frame   0x00001498       0x54 C:/Freescale/CW MCU v10.4/MCU/ARM_GCC_Support/ewl/lib/armv6-m\libc.a(printformat_.o)
 .debug_frame   0x000014ec       0x34 C:/Freescale/CW MCU v10.4/MCU/ARM_GCC_Support/ewl/lib/armv6-m\libc.a(scanformat_.o)
 .debug_frame   0x00001520      0x158 C:/Freescale/CW MCU v10.4/MCU/ARM_GCC_Support/ewl/lib/armv6-m\libc.a(ctype_aeabi.o)
 .debug_frame   0x00001678       0x30 C:/Freescale/CW MCU v10.4/MCU/ARM_GCC_Support/ewl/lib/armv6-m\libc.a(__strtoul.o)
 .debug_frame   0x000016a8       0x2c C:/Freescale/CW MCU v10.4/MCU/ARM_GCC_Support/ewl/lib/armv6-m\libc.a(__filll_mem.o)
 .debug_frame   0x000016d4       0x28 C:/Freescale/CW MCU v10.4/MCU/ARM_GCC_Support/ewl/lib/armv6-m\libc.a(memchr.o)
 .debug_frame   0x000016fc       0x28 C:/Freescale/CW MCU v10.4/MCU/ARM_GCC_Support/ewl/lib/armv6-m\libc.a(memcpy.o)
 .debug_frame   0x00001724       0x28 C:/Freescale/CW MCU v10.4/MCU/ARM_GCC_Support/ewl/lib/armv6-m\libc.a(strchr.o)
 .debug_frame   0x0000174c       0x28 C:/Freescale/CW MCU v10.4/MCU/ARM_GCC_Support/ewl/lib/armv6-m\libc.a(strlen.o)
 .debug_frame   0x00001774       0x20 c:/freescale/cw mcu v10.4/cross_tools/arm-none-eabi-gcc-4_7_3/bin/../lib/gcc/arm-none-eabi/4.7.3/armv6-m\libgcc.a(_udivsi3.o)
 .debug_frame   0x00001794       0x28 c:/freescale/cw mcu v10.4/cross_tools/arm-none-eabi-gcc-4_7_3/bin/../lib/gcc/arm-none-eabi/4.7.3/armv6-m\libgcc.a(_fixunssfsi.o)
 .debug_frame   0x000017bc       0x2c c:/freescale/cw mcu v10.4/cross_tools/arm-none-eabi-gcc-4_7_3/bin/../lib/gcc/arm-none-eabi/4.7.3/armv6-m\libgcc.a(eqsf2.o)
 .debug_frame   0x000017e8       0x30 c:/freescale/cw mcu v10.4/cross_tools/arm-none-eabi-gcc-4_7_3/bin/../lib/gcc/arm-none-eabi/4.7.3/armv6-m\libgcc.a(gesf2.o)
 .debug_frame   0x00001818       0x30 c:/freescale/cw mcu v10.4/cross_tools/arm-none-eabi-gcc-4_7_3/bin/../lib/gcc/arm-none-eabi/4.7.3/armv6-m\libgcc.a(lesf2.o)
 .debug_frame   0x00001848       0x3c c:/freescale/cw mcu v10.4/cross_tools/arm-none-eabi-gcc-4_7_3/bin/../lib/gcc/arm-none-eabi/4.7.3/armv6-m\libgcc.a(mulsf3.o)
 .debug_frame   0x00001884       0x30 c:/freescale/cw mcu v10.4/cross_tools/arm-none-eabi-gcc-4_7_3/bin/../lib/gcc/arm-none-eabi/4.7.3/armv6-m\libgcc.a(subsf3.o)
 .debug_frame   0x000018b4       0x28 c:/freescale/cw mcu v10.4/cross_tools/arm-none-eabi-gcc-4_7_3/bin/../lib/gcc/arm-none-eabi/4.7.3/armv6-m\libgcc.a(fixsfsi.o)
 .debug_frame   0x000018dc       0x2c c:/freescale/cw mcu v10.4/cross_tools/arm-none-eabi-gcc-4_7_3/bin/../lib/gcc/arm-none-eabi/4.7.3/armv6-m\libgcc.a(floatsisf.o)
 .debug_frame   0x00001908       0x40 C:/Freescale/CW MCU v10.4/MCU/ARM_GCC_Support/ewl/lib/armv6-m\librt.a(gcc_ctor_dtor.o)
 .debug_frame   0x00001948       0x54 C:/Freescale/CW MCU v10.4/MCU/ARM_GCC_Support/ewl/lib/armv6-m\librt.a(ROMCopy.o)
 .debug_frame   0x0000199c       0xbc C:/Freescale/CW MCU v10.4/MCU/ARM_GCC_Support/ewl/lib/armv6-m\librt.a(__arm_eabi_init.o)
